******************************************************************************
                  TI ARM Linker Unix v20.2.2                   
******************************************************************************
>> Linked Tue Mar 23 19:36:25 2021

OUTPUT FILE NAME:   <i2copt3001_CC1352R1_LAUNCHXL_tirtos_ccs.out>
ENTRY POINT SYMBOL: "ResetISR"  address: 000047f1


MEMORY CONFIGURATION

         name            origin    length      used     unused   attr    fill
----------------------  --------  ---------  --------  --------  ----  --------
  FLASH                 00000000   00058000  00006cc7  00051339  R  X
  GPRAM                 11000000   00002000  00000000  00002000  RW X
  SRAM                  20000000   00014000  0000253b  00011ac5  RW X


SEGMENT ALLOCATION MAP

run origin  load origin   length   init length attrs members
----------  ----------- ---------- ----------- ----- -------
00000000    00000000    00006c70   00006c70    r-x
  00000000    00000000    0000003c   0000003c    r-- .resetVecs
  0000003c    0000003c    000062e4   000062e4    r-x .text
  00006320    00006320    0000076f   0000076f    r-- .const
  00006a90    00006a90    000001e0   000001e0    r-- .cinit
00057fa8    00057fa8    00000058   00000058    r--
  00057fa8    00057fa8    00000058   00000058    r-- .ccfg
20000100    20000100    0000000c   00000000    rw-
  20000100    20000100    00000004   00000000    rw- .data:xdcRomConstPtr
  20000104    20000104    00000004   00000000    rw- .data:xdcRomExternFuncPtr
  20000108    20000108    00000004   00000000    rw- .data:xdcRomStatePtr
20000110    20000110    00001000   00000000    r--
  20000110    20000110    00001000   00000000    r-- .priheap
20001110    20001110    0000105e   00000000    rw-
  20001110    20001110    00000b09   00000000    rw- .bss
  20001c20    20001c20    0000054e   00000000    rw- .data
20013c00    20013c00    00000400   00000000    rw-
  20013c00    20013c00    00000400   00000000    rw- .stack


SECTION ALLOCATION MAP

 output                                  attributes/
section   page    origin      length       input sections
--------  ----  ----------  ----------   ----------------
.binit     0    00000000    00000000     

.cinit     0    00006a90    000001e0     
                  00006a90    0000018b     (.cinit..data.load) [load image, compression = lzss]
                  00006c1b    00000001     --HOLE-- [fill = 0]
                  00006c1c    0000000c     (__TI_handler_table)
                  00006c28    00000008     (.cinit..bss.load) [load image, compression = zero_init]
                  00006c30    00000008     (.cinit..data:xdcRomConstPtr.load) [load image, compression = lzss]
                  00006c38    00000008     (.cinit..data:xdcRomExternFuncPtr.load) [load image, compression = lzss]
                  00006c40    00000008     (.cinit..data:xdcRomStatePtr.load) [load image, compression = lzss]
                  00006c48    00000028     (__TI_cinit_table)

.init_array 
*          0    00000000    00000000     UNINITIALIZED

.ccfg      0    00057fa8    00000058     
                  00057fa8    00000058     ti_devices_config.obj (.ccfg:retain)

.bss       0    20001110    00000b09     UNINITIALIZED
                  20001110    00000400     ti_drivers_config.obj (.bss:displayUARTBuffer)
                  20001510    00000200     release_pem4f.oem4f (.bss:taskStackSection)
                  20001710    0000012c     (.common:uartCC26XXObjects)
                  2000183c    000000e0     (.common:i2cCC26xxObjects)
                  2000191c    000000d8     (.common:ti_sysbios_family_arm_m3_Hwi_dispatchTable)
                  200019f4    0000007c     (.common:pinHandleTable)
                  20001a70    0000003c     (.common:bme280)
                  20001aac    00000034     drivers_cc13x2.aem4f : PINCC26XX.oem4f (.bss:pinSwi)
                  20001ae0    00000020                          : GPIOCC26XX.oem4f (.bss:gpioCallbackInfo)
                  20001b00    00000020                          : PINCC26XX.oem4f (.bss:pinGpioConfigTable)
                  20001b20    00000020     ti_drivers_config.obj (.bss:uartCC26XXRingBuffer0)
                  20001b40    0000001c     driverlib.lib : osc.obj (.bss:$O1$$)
                  20001b5c    0000001c     drivers_cc13x2.aem4f : PINCC26XX.oem4f (.bss:pinHwi)
                  20001b78    0000001c                          : PINCC26XX.oem4f (.bss:pinSemaphore)
                  20001b94    0000001c     (.common:opt3001Sem)
                  20001bb0    00000010     (.common:opt3001Params)
                  20001bc0    0000000c                          : GPIOCC26XX.oem4f (.bss:gpioPinState)
                  20001bcc    0000000c     (.common:OPT3001_object)
                  20001bd8    0000000c     (.common:displayUartObject)
                  20001be4    00000008                          : GPIOCC26XX.oem4f (.bss)
                  20001bec    00000004                          : PINCC26XX.oem4f (.bss)
                  20001bf0    00000004     i2copt3001.obj (.bss)
                  20001bf4    00000004     sail.lib : bme280.obj (.bss)
                  20001bf8    00000004     (.common:ClockP_tickPeriod)
                  20001bfc    00000004     (.common:PowerCC26XX_swiKey)
                  20001c00    00000004     (.common:PowerCC26XX_taskKey)
                  20001c04    00000004     (.common:Raw_Temperature)
                  20001c08    00000004     (.common:Raw_lux)
                  20001c0c    00000004     (.common:i2c)
                  20001c10    00000004     (.common:lux)
                  20001c14    00000004     (.common:temperature)
                  20001c18    00000001     (.common:driverlib_release_0_55938)

.data      0    20001c20    0000054e     UNINITIALIZED
                  20001c20    00000110     drivers_cc13x2.aem4f : PowerCC26X2.oem4f (.data:PowerCC26X2_module)
                  20001d30    0000010c     release_pem4f.oem4f (.data:ROM_stateStruct)
                  20001e3c    00000088     rom_sysbios.aem4f : rom_sysbios.obj (.data:$O1$$)
                  20001ec4    00000054     release_pem4f.oem4f (.data:ti_sysbios_gates_GateMutex_Object__table__V)
                  20001f18    0000004c     release_pem4f.oem4f (.data:ti_sysbios_knl_Task_Object__table__V)
                  20001f64    00000004     bme280_support.obj (.data)
                  20001f68    00000048     release_pem4f.oem4f (.data:ti_sysbios_family_arm_cc26xx_Timer_Object__table__V)
                  20001fb0    00000030     release_pem4f.oem4f (.data:ti_sysbios_knl_Swi_Module_State_0_readyQ__A)
                  20001fe0    00000030     release_pem4f.oem4f (.data:ti_sysbios_knl_Swi_Object__table__V)
                  20002010    00000030     release_pem4f.oem4f (.data:ti_sysbios_knl_Task_Module_State_0_readyQ__A)
                  20002040    00000020     release_pem4f.oem4f (.data:ti_sysbios_knl_Clock_Object__table__V)
                  20002060    00000020     release_pem4f.oem4f (.data:xdc_runtime_Error_IgnoreBlock)
                  20002080    00000018     release_pem4f.oem4f (.data:ti_sysbios_family_arm_m3_Hwi_Object__table__V)
                  20002098    00000018     release_pem4f.oem4f (.data:ti_sysbios_heaps_HeapMem_Object__table__V)
                  200020b0    00000010     i2copt3001.obj (.data)
                  200020c0    0000000c     ti_drivers_config.obj (.data:gpioCallbackFunctions)
                  200020cc    0000000c     ti_drivers_config.obj (.data:gpioPinConfigs)
                  200020d8    00000008     rtsv7M4_T_le_v4SPD16_eabi.lib : _lock.c.obj (.data:$O1$$)
                  200020e0    00000008     drivers_cc13x2.aem4f : PINCC26XX.oem4f (.data)
                  200020e8    00000008     release_pem4f.oem4f (.data:ti_sysbios_family_arm_m3_Hwi_Module__root__V)
                  200020f0    00000008     release_pem4f.oem4f (.data:ti_sysbios_gates_GateHwi_Module__root__V)
                  200020f8    00000008     release_pem4f.oem4f (.data:ti_sysbios_gates_GateMutex_Module__root__V)
                  20002100    00000008     release_pem4f.oem4f (.data:ti_sysbios_hal_Hwi_Module__root__V)
                  20002108    00000008     release_pem4f.oem4f (.data:ti_sysbios_heaps_HeapMem_Module__root__V)
                  20002110    00000008     release_pem4f.oem4f (.data:ti_sysbios_knl_Clock_Module__root__V)
                  20002118    00000008     release_pem4f.oem4f (.data:ti_sysbios_knl_Event_Module__root__V)
                  20002120    00000008     release_pem4f.oem4f (.data:ti_sysbios_knl_Mailbox_Module__root__V)
                  20002128    00000008     release_pem4f.oem4f (.data:ti_sysbios_knl_Queue_Module__root__V)
                  20002130    00000008     release_pem4f.oem4f (.data:ti_sysbios_knl_Semaphore_Module__root__V)
                  20002138    00000008     release_pem4f.oem4f (.data:ti_sysbios_knl_Swi_Module__root__V)
                  20002140    00000008     release_pem4f.oem4f (.data:ti_sysbios_knl_Task_Module__root__V)
                  20002148    00000008     release_pem4f.oem4f (.data:xdc_runtime_System_Module_State_0_atexitHandlers__A)
                  20002150    00000005     drivers_cc13x2.aem4f : GPIOCC26XX.oem4f (.data)
                  20002155    00000001                          : I2C.oem4f (.data)
                  20002156    00000002     release_pem4f.oem4f (.data:ti_sysbios_family_arm_m3_Hwi_Module_State_0_excActive__A)
                  20002158    00000004     drivers_cc13x2.aem4f : GPIOCC26XX.oem4f (.data:gpioPinTable)
                  2000215c    00000004     rtsv7M4_T_le_v4SPD16_eabi.lib : stkdepth_vars.c.obj (.data)
                  20002160    00000004     release_pem4f.oem4f (.data:ti_sysbios_family_arm_m3_Hwi_Module_State_0_excContext__A)
                  20002164    00000004     release_pem4f.oem4f (.data:ti_sysbios_family_arm_m3_Hwi_Module_State_0_excStack__A)
                  20002168    00000004     release_pem4f.oem4f (.data:ti_sysbios_knl_Task_Module_State_0_idleTask__A)
                  2000216c    00000001     drivers_cc13x2.aem4f : UART.oem4f (.data)
                  2000216d    00000001     sail.lib : opt3001.obj (.data)

.stack     0    20013c00    00000400     UNINITIALIZED
                  20013c00    00000400     --HOLE--

.priheap   0    20000110    00001000     UNINITIALIZED
                  20000110    00001000     --HOLE--

.data:xdcRomConstPtr 
*          0    20000100    00000004     UNINITIALIZED
                  20000100    00000004     release_pem4f.oem4f (.data:xdcRomConstPtr)

.data:xdcRomExternFuncPtr 
*          0    20000104    00000004     UNINITIALIZED
                  20000104    00000004     release_pem4f.oem4f (.data:xdcRomExternFuncPtr)

.data:xdcRomStatePtr 
*          0    20000108    00000004     UNINITIALIZED
                  20000108    00000004     release_pem4f.oem4f (.data:xdcRomStatePtr)

.bootVecs 
*          0    00000000    00000008     DSECT
                  00000000    00000008     boot.aem4f : boot.oem4f (.bootVecs)

.resetVecs 
*          0    00000000    0000003c     
                  00000000    0000003c     release_pem4f.oem4f (.resetVecs)

.vecs      0    20000000    000000d8     NOLOAD SECTION
                  20000000    000000d8     release_pem4f.oem4f (.vecs)

xdc.meta   0    00000000    00000108     COPY SECTION
                  00000000    00000108     release_pem4f.oem4f (xdc.meta)

xdc.noload 
*          0    00000000    00000000     COPY SECTION

__llvm_prf_cnts 
*          0    20000000    00000000     UNINITIALIZED

.text      0    0000003c    000062e4     
                  0000003c    00000370     i2copt3001.obj (.text:mainThread)
                  000003ac    000001c4     drivers_cc13x2.aem4f : PINCC26XX.oem4f (.text:PIN_init)
                  00000570    000001b6     rtsv7M4_T_le_v4SPD16_eabi.lib : fd_add_t2.asm.obj (.text)
                  00000726    00000002     ti_drivers_config.obj (.text:Board_initHook)
                  00000728    000001a8     drivers_cc13x2.aem4f : PowerCC26X2.oem4f (.text:Power_sleep)
                  000008d0    000001a0     sail.lib : bme280.obj (.text:bme280_get_calib_param)
                  00000a70    00000198              : bme280.obj (.text:bme280_set_oversamp_humidity)
                  00000c08    00000190     drivers_cc13x2.aem4f : PowerCC26X2_calibrateRCOSC.oem4f (.text:calibrateRcoscHf1)
                  00000d98    0000018c                          : PowerCC26X2.oem4f (.text:Power_init)
                  00000f24    0000018c                          : PowerCC26X2_calibrateRCOSC.oem4f (.text:runCalibrateFsm)
                  000010b0    00000188     release_pem4f.oem4f (.text:xdc_runtime_System_printfExtend__I)
                  00001238    00000170     sail.lib : bme280.obj (.text:bme280_set_power_mode)
                  000013a8    0000016c              : bme280.obj (.text:bme280_set_oversamp_temperature)
                  00001514    00000164     drivers_cc13x2.aem4f : UARTCC26XX.oem4f (.text:UARTCC26XX_open)
                  00001678    00000164     sail.lib : bme280.obj (.text:bme280_set_standby_durn)
                  000017dc    00000158              : bme280.obj (.text:bme280_set_oversamp_pressure)
                  00001934    00000154     drivers_cc13x2.aem4f : UARTCC26XX.oem4f (.text:UARTCC26XX_hwiIntFxn)
                  00001a88    0000013a                          : UARTCC26XX.oem4f (.text:UARTCC26XX_read)
                  00001bc2    00000002     display.aem4f : DisplayUart.oem4f (.text:DisplayUartMin_clear)
                  00001bc4    00000130     sail.lib : bme280.obj (.text:bme280_compensate_pressure_int32)
                  00001cf4    00000118     drivers_cc13x2.aem4f : I2CCC26XX.oem4f (.text:I2CCC26XX_hwiFxn)
                  00001e0c    00000114                          : I2CCC26XX.oem4f (.text:I2CCC26XX_transfer)
                  00001f20    00000110                          : GPIOCC26XX.oem4f (.text:GPIO_setConfig)
                  00002030    00000110     bme280_support.obj (.text:bme280_data_readout_template)
                  00002140    00000100     drivers_cc13x2.aem4f : PowerCC26X2.oem4f (.text:configureXOSCHF)
                  00002240    000000fc     driverlib.lib : sys_ctrl.obj (.text:NOROM_SysCtrlStandby)
                  0000233c    000000fc     rtsv7M4_T_le_v4SPD16_eabi.lib : fd_mul_t2.asm.obj (.text)
                  00002438    000000f8     drivers_cc13x2.aem4f : PINCC26XX.oem4f (.text:PINCC26XX_setIoCfg)
                  00002530    000000ec     rom_sysbios.aem4f : rom_sysbios.obj (.text:pthread_create)
                  0000261c    000000e4     drivers_cc13x2.aem4f : I2CCC26XX.oem4f (.text:I2CCC26XX_open)
                  00002700    000000e0                          : UARTCC26XX.oem4f (.text:UARTCC26XX_write)
                  000027e0    000000c8                          : PowerCC26X2.oem4f (.text:Power_releaseDependency)
                  000028a8    000000c4                          : GPIOCC26XX.oem4f (.text:GPIO_init)
                  0000296c    000000c4     sail.lib : opt3001.obj (.text:OPT3001_open)
                  00002a30    000000c4     drivers_cc13x2.aem4f : PowerCC26X2.oem4f (.text:Power_setDependency)
                  00002af4    000000c4     i2copt3001.obj (.text:trigger_thread_func)
                  00002bb8    000000c0     drivers_cc13x2.aem4f : UARTCC26XX.oem4f (.text:UARTCC26XX_initIO)
                  00002c78    000000bc     sail.lib : bme280.obj (.text:bme280_compensate_humidity_int32)
                  00002d34    000000b8     drivers_cc13x2.aem4f : UARTCC26XX.oem4f (.text:UARTCC26XX_initHw)
                  00002dec    000000b4     dpl_cc13x2.aem4f : PowerCC26X2_tirtos.oem4f (.text:PowerCC26XX_standbyPolicy)
                  00002ea0    000000b0     i2copt3001.obj (.text:moving_average_filter)
                  00002f50    000000ac     drivers_cc13x2.aem4f : PINCC26XX.oem4f (.text:PIN_open)
                  00002ffc    000000ac     driverlib.lib : setup.obj (.text:TrimAfterColdResetWakeupFromShutDown)
                  000030a8    000000a8     sail.lib : bme280.obj (.text:bme280_init)
                  00003150    000000a0     auto_init.aem4f : auto_init.oem4f (.text)
                  000031f0    000000a0     rom_sysbios.aem4f : rom_sysbios.obj (.text:ti_sysbios_knl_Task_setPri__E)
                  00003290    0000009c     rtsv7M4_T_le_v4SPD16_eabi.lib : memcpy_t2.asm.obj (.text)
                  0000332c    00000098     driverlib.lib : setup.obj (.text:NOROM_SetupTrimDevice)
                  000033c4    00000098     sail.lib : bme280.obj (.text:bme280_read_uncomp_pressure_temperature_humidity)
                  0000345c    00000098     drivers_cc13x2.aem4f : UARTCC26XX.oem4f (.text:writeTxFifoFlush)
                  000034f4    00000096     rtsv7M4_T_le_v4SPD16_eabi.lib : ull_div_t2.asm.obj (.text)
                  0000358a    00000092     drivers_cc13x2.aem4f : UARTCC26XX.oem4f (.text:UARTCC26XX_writeCancel)
                  0000361c    00000090     bme280_support.obj (.text:BME280_I2C_bus_write)
                  000036ac    00000090     drivers_cc13x2.aem4f : I2CCC26XX.oem4f (.text:I2CCC26XX_cancel)
                  0000373c    0000008c                          : I2CCC26XX.oem4f (.text:I2CCC26XX_primeTransfer)
                  000037c8    00000088     driverlib.lib : osc.obj (.text:NOROM_OSCHF_AttemptToSwitchToXosc)
                  00003850    00000088     rom_sysbios.aem4f : rom_sysbios.obj (.text:_pthread_removeThreadKeys)
                  000038d8    00000088     drivers_cc13x2.aem4f : PowerCC26X2_calibrateRCOSC.oem4f (.text:calibrateRcoscHf2)
                  00003960    00000088                          : PowerCC26X2.oem4f (.text:disableLFClockQualifiers)
                  000039e8    00000088                          : PowerCC26X2_calibrateRCOSC.oem4f (.text:updateSubSecInc)
                  00003a70    00000086     rtsv7M4_T_le_v4SPD16_eabi.lib : fd_cmp_t2.asm.obj (.text:__aeabi_cdcmple)
                  00003af6    00000086                                   : fd_cmp_t2.asm.obj (.text:__aeabi_cdrcmple)
                  00003b7c    00000084     drivers_cc13x2.aem4f : UARTCC26XX.oem4f (.text:UARTCC26XX_close)
                  00003c00    00000084     rom_sysbios.aem4f : rom_sysbios.obj (.text:ti_sysbios_family_arm_m3_Hwi_excHandlerMin__I)
                  00003c84    00000080     i2copt3001.obj (.text:opt3001InterruptTask)
                  00003d04    00000080     rom_sysbios.aem4f : rom_sysbios.obj (.text:ti_sysbios_family_arm_cc26xx_Timer_start__E)
                  00003d84    0000007c     sail.lib : bme280.obj (.text:bme280_compensate_temperature_int32)
                  00003e00    0000007a     rtsv7M4_T_le_v4SPD16_eabi.lib : memset_t2.asm.obj (.text)
                  00003e7a    00000002     display.aem4f : DisplayUart.oem4f (.text:DisplayUartMin_clearLines)
                  00003e7c    00000074     drivers_cc13x2.aem4f : PowerCC26X2_calibrateRCOSC.oem4f (.text:PowerCC26X2_auxISR)
                  00003ef0    00000072                          : I2CCC26XX.oem4f (.text:I2CCC26XX_swiFxn)
                  00003f62    00000002     display.aem4f : DisplayUart.oem4f (.text:DisplayUartMin_init)
                  00003f64    00000070     drivers_cc13x2.aem4f : PINCC26XX.oem4f (.text:PIN_add)
                  00003fd4    00000070     main_tirtos.obj (.text:main)
                  00004044    0000006d     rom_sysbios.aem4f : rom_sysbios.obj (.text:xdc_runtime_System_formatNum__I)
                  000040b1    00000001     --HOLE-- [fill = 0]
                  000040b2    00000002     rtsv7M4_T_le_v4SPD16_eabi.lib : _lock.c.obj (.text:_nop)
                  000040b4    00000068     driverlib.lib : osc.obj (.text:NOROM_OSCHF_SwitchToRcOscTurnOffXosc)
                  0000411c    00000068                   : sys_ctrl.obj (.text:NOROM_SysCtrlSetRechargeBeforePowerDown)
                  00004184    00000068     rtsv7M4_T_le_v4SPD16_eabi.lib : copy_decompress_lzss.c.obj (.text:decompress:lzss:__TI_decompress_lzss)
                  000041ec    00000066     sail.lib : opt3001.obj (.text:OPT3001_readRegister)
                  00004252    00000066              : opt3001.obj (.text:OPT3001_writeRegister)
                  000042b8    00000064     drivers_cc13x2.aem4f : I2CCC26XX.oem4f (.text:I2CCC26XX_initIO)
                  0000431c    00000064                          : UARTCC26XX.oem4f (.text:UARTCC26XX_control)
                  00004380    00000064     sail.lib : bme280.obj (.text:bme280_read_pressure_temperature_humidity)
                  000043e4    00000064              : bme280.obj (.text:bme280_read_uncomp_pressure)
                  00004448    00000064              : bme280.obj (.text:bme280_read_uncomp_temperature)
                  000044ac    00000062     drivers_cc13x2.aem4f : UARTCC26XX.oem4f (.text:UARTCC26XX_swiIntFxn)
                  0000450e    00000002                          : PowerCC26X2.oem4f (.text:emptyClockFunc)
                  00004510    00000060                          : GPIOCC26XX.oem4f (.text:GPIO_write)
                  00004570    0000005c     display.aem4f : Display.oem4f (.text:Display_doOpen)
                  000045cc    0000005c     drivers_cc13x2.aem4f : I2CCC26XX.oem4f (.text:I2CCC26XX_close)
                  00004628    0000005c                          : PINCC26XX.oem4f (.text:PIN_remove)
                  00004684    0000005c     sail.lib : bme280.obj (.text:bme280_read_uncomp_humidity)
                  000046e0    0000005c     rom_sysbios.aem4f : rom_sysbios.obj (.text:ti_sysbios_heaps_HeapMem_initPrimary__I)
                  0000473c    0000005c     release_pem4f.oem4f (.text:xdc_runtime_Startup_getState__I)
                  00004798    00000058     drivers_cc13x2.aem4f : PowerCC26X2_calibrateRCOSC.oem4f (.text:PowerCC26X2_initiateCalibration)
                  000047f0    00000058     boot.aem4f : boot.oem4f (.text)
                  00004848    00000058     sail.lib : opt3001.obj (.text:convertToLux)
                  000048a0    00000058     rom_sysbios.aem4f : rom_sysbios.obj (.text:pthread_exit)
                  000048f8    00000054     bme280_support.obj (.text:BME280_I2C_bus_read)
                  0000494c    00000054     driverlib.lib : chipinfo.obj (.text:NOROM_ChipInfo_GetChipType)
                  000049a0    00000054     sail.lib : bme280.obj (.text:bme280_get_power_mode)
                  000049f4    00000054              : bme280.obj (.text:bme280_get_standby_durn)
                  00004a48    00000050     dpl_cc13x2.aem4f : ClockP_tirtos.oem4f (.text:ClockP_construct)
                  00004a98    00000050     drivers_cc13x2.aem4f : GPIOCC26XX.oem4f (.text:GPIO_enableInt)
                  00004ae8    0000004c     sail.lib : opt3001.obj (.text:OPT3001_init)
                  00004b34    0000004c     drivers_cc13x2.aem4f : UARTCC26XX.oem4f (.text:UARTCC26XX_readCancel)
                  00004b80    0000004c     sail.lib : bme280.obj (.text:bme280_read_register)
                  00004bcc    0000004c              : bme280.obj (.text:bme280_write_register)
                  00004c18    0000004c     rtsv7M4_T_le_v4SPD16_eabi.lib : cpy_tbl.c.obj (.text:copy_in)
                  00004c64    0000004c     drivers_cc13x2.aem4f : UARTCC26XX.oem4f (.text:startTxFifoEmptyClk)
                  00004cb0    0000004c                          : PowerCC26X2.oem4f (.text:switchXOSCHF)
                  00004cfc    0000004a     display.aem4f : DisplayUart.oem4f (.text:DisplayUartMin_open)
                  00004d46    00000002     rtsv7M4_T_le_v4SPD16_eabi.lib : div0.asm.obj (.text)
                  00004d48    00000048     drivers_cc13x2.aem4f : I2CCC26XX.oem4f (.text:I2CCC26XX_initHw)
                  00004d90    00000048                          : PINCC26XX.oem4f (.text:PIN_setOutputEnable)
                  00004dd8    00000048                          : PowerCC26X2_calibrateRCOSC.oem4f (.text:PowerCC26X2_RCOSC_clockFunc)
                  00004e20    00000048                          : UARTCC26XX.oem4f (.text:writeFinishedDoCallback)
                  00004e68    00000046     display.aem4f : DisplayUart.oem4f (.text:DisplayUartMin_vprintf)
                  00004eae    00000046     drivers_cc13x2.aem4f : RingBuf.oem4f (.text:RingBuf_put)
                  00004ef4    00000044                          : I2C.oem4f (.text:I2C_init)
                  00004f38    00000044     driverlib.lib : chipinfo.obj (.text:NOROM_ChipInfo_GetHwRevision)
                  00004f7c    00000044     drivers_cc13x2.aem4f : PINCC26XX.oem4f (.text:PIN_swi)
                  00004fc0    00000044                          : UART.oem4f (.text:UART_init)
                  00005004    00000044     sail.lib : bme280.obj (.text:bme280_set_soft_rst)
                  00005048    00000044     rtsv7M4_T_le_v4SPD16_eabi.lib : fd_tou_t2.asm.obj (.text)
                  0000508c    00000040     drivers_cc13x2.aem4f : I2C.oem4f (.text:I2C_open)
                  000050cc    00000040                          : RingBuf.oem4f (.text:RingBuf_get)
                  0000510c    00000040                          : UART.oem4f (.text:UART_open)
                  0000514c    00000040     rtsv7M4_T_le_v4SPD16_eabi.lib : u_divt2.asm.obj (.text)
                  0000518c    00000040     rom_sysbios.aem4f : rom_sysbios.obj (.text:ti_sysbios_family_arm_cc26xx_Timer_setThreshold__I)
                  000051cc    0000003e     dpl_cc13x2.aem4f : HwiP_tirtos.oem4f (.text:HwiP_construct)
                  0000520a    00000002     release_pem4f.oem4f (.text:ti_sysbios_BIOS_nullFunc__I)
                  0000520c    0000003c     drivers_cc13x2.aem4f : PINCC26XX.oem4f (.text:PIN_setInterrupt)
                  00005248    0000003c                          : PINCC26XX.oem4f (.text:PIN_setOutputValue)
                  00005284    0000003c     dpl_cc13x2.aem4f : SwiP_tirtos.oem4f (.text:SwiP_construct)
                  000052c0    0000003c     rom_sysbios.aem4f : rom_sysbios.obj (.text:sleep)
                  000052fc    0000003c                       : rom_sysbios.obj (.text:ti_sysbios_family_arm_m3_Hwi_construct2__E)
                  00005338    00000038     bme280_support.obj (.text:I2C_routine)
                  00005370    00000038     driverlib.lib : osc.obj (.text:NOROM_OSC_HPOSCRelativeFrequencyOffsetGet)
                  000053a8    00000038     drivers_cc13x2.aem4f : PINCC26XX.oem4f (.text:PIN_setConfig)
                  000053e0    00000038                          : PowerCC26X2.oem4f (.text:notify)
                  00005418    00000038                          : UARTCC26XX.oem4f (.text:readData)
                  00005450    00000038     rtsv7M4_T_le_v4SPD16_eabi.lib : fs_tod_t2.asm.obj (.text)
                  00005488    00000038     drivers_cc13x2.aem4f : UARTCC26XX.oem4f (.text:writeData)
                  000054c0    00000036     rom_sysbios.aem4f : rom_sysbios.obj (.text:ti_sysbios_family_arm_cc26xx_Timer_setNextTick__E)
                  000054f6    00000002                       : rom_sysbios.obj (.text:xdc_runtime_SysCallback_defaultAbort)
                  000054f8    00000034     driverlib.lib : aux_sysif.obj (.text:NOROM_AUXSYSIFOpModeChange)
                  0000552c    00000034                   : sys_ctrl.obj (.text:NOROM_SysCtrlIdle)
                  00005560    00000034     drivers_cc13x2.aem4f : UARTCC26XX.oem4f (.text:readData2RingBuf)
                  00005594    00000034     rom_sysbios.aem4f : rom_sysbios.obj (.text:usleep)
                  000055c8    00000030     drivers_cc13x2.aem4f : GPIOCC26XX.oem4f (.text:GPIO_hwiIntFxn)
                  000055f8    00000030                          : GPIOCC26XX.oem4f (.text:GPIO_setCallback)
                  00005628    00000030     sail.lib : opt3001.obj (.text:OPT3001_enableInterrupt)
                  00005658    00000030     drivers_cc13x2.aem4f : PINCC26XX.oem4f (.text:PINCC26XX_setMux)
                  00005688    00000030                          : PowerCC26X2.oem4f (.text:Power_releaseConstraint)
                  000056b8    00000030                          : PowerCC26X2.oem4f (.text:Power_setConstraint)
                  000056e8    00000030     release_pem4f.oem4f (.text:ti_sysbios_BIOS_atExitFunc__I)
                  00005718    00000030     release_pem4f.oem4f (.text:ti_sysbios_BIOS_startFunc__I)
                  00005748    00000030     rom_sysbios.aem4f : rom_sysbios.obj (.text:ti_sysbios_family_arm_cc26xx_Timer_getCurrentTick__E)
                  00005778    00000030                       : rom_sysbios.obj (.text:ti_sysbios_family_arm_cc26xx_Timer_initDevice__I)
                  000057a8    0000002c     dpl_cc13x2.aem4f : SemaphoreP_tirtos.oem4f (.text:SemaphoreP_constructBinary)
                  000057d4    0000002c                      : SemaphoreP_tirtos.oem4f (.text:SemaphoreP_createBinary)
                  00005800    0000002c     rom_sysbios.aem4f : rom_sysbios.obj (.text:_pthread_delete$45)
                  0000582c    0000002c                       : rom_sysbios.obj (.text:pthread_setcancelstate)
                  00005858    0000002c                       : rom_sysbios.obj (.text:ti_sysbios_knl_Clock_getTicksUntilInterrupt__E)
                  00005884    0000002a     display.aem4f : Display.oem4f (.text:Display_doPrintf)
                  000058ae    00000002     rom_sysbios.aem4f : rom_sysbios.obj (.text:xdc_runtime_SysCallback_defaultExit)
                  000058b0    00000028     driverlib.lib : osc.obj (.text:NOROM_OSCHF_TurnOnXosc)
                  000058d8    00000028     sail.lib : opt3001.obj (.text:OPT3001_getLux)
                  00005900    00000028     drivers_cc13x2.aem4f : PowerCC26X2.oem4f (.text:Power_registerNotify)
                  00005928    00000028                          : PowerCC26X2.oem4f (.text:oscillatorISR)
                  00005950    00000026                          : List.oem4f (.text:List_put)
                  00005976    00000026                          : List.oem4f (.text:List_remove)
                  0000599c    00000026     sail.lib : opt3001.obj (.text:i2cTransferFxn)
                  000059c2    00000002     rom_sysbios.aem4f : rom_sysbios.obj (.text:xdc_runtime_SysCallback_defaultFlush)
                  000059c4    00000024                       : rom_sysbios.obj (.text:_pthread_cleanupFxn)
                  000059e8    00000024     drivers_cc13x2.aem4f : PowerCC26X2_calibrateRCOSC.oem4f (.text:getTdcSemaphore)
                  00005a0c    00000024     rom_sysbios.aem4f : rom_sysbios.obj (.text:pthread_attr_init)
                  00005a30    00000024                       : rom_sysbios.obj (.text:sem_init)
                  00005a54    00000024     release_pem4f.oem4f (.text:ti_sysbios_BIOS_registerRTSLock__I)
                  00005a78    00000024     release_pem4f.oem4f (.text:ti_sysbios_BIOS_removeRTSLock__I)
                  00005a9c    00000024     rom_sysbios.aem4f : rom_sysbios.obj (.text:ti_sysbios_family_arm_cc26xx_Timer_getMaxTicks__E)
                  00005ac0    00000020     drivers_cc13x2.aem4f : PINCC26XX.oem4f (.text:PINCC26XX_setIoCfgMux)
                  00005ae0    00000020                          : PowerCC26X2.oem4f (.text:Power_unregisterNotify)
                  00005b00    00000020     rtsv7M4_T_le_v4SPD16_eabi.lib : u_tofd_t2.asm.obj (.text)
                  00005b20    00000020     drivers_cc13x2.aem4f : UARTCC26XX.oem4f (.text:threadSafeStdbyDisRelease)
                  00005b40    00000020                          : UARTCC26XX.oem4f (.text:threadSafeStdbyDisSet)
                  00005b60    00000020     release_pem4f.oem4f (.text:ti_sysbios_BIOS_rtsLock__I)
                  00005b80    00000020     rom_sysbios.aem4f : rom_sysbios.obj (.text:ti_sysbios_family_arm_cc26xx_Timer_dynamicStub__E)
                  00005ba0    00000020                       : rom_sysbios.obj (.text:xdc_runtime_Error_policyMin__E)
                  00005bc0    0000001e     drivers_cc13x2.aem4f : PINCC26XX.oem4f (.text:PIN_close)
                  00005bde    0000001e                          : PowerCC26X2.oem4f (.text:Power_getTransitionLatency)
                  00005bfc    0000001c     ti_drivers_config.obj (.text:Board_init)
                  00005c18    0000001c     driverlib.lib : chipinfo.obj (.text:NOROM_ChipInfo_GetChipFamily)
                  00005c34    0000001c     drivers_cc13x2.aem4f : PINCC26XX.oem4f (.text:PIN_hwi)
                  00005c50    0000001c     dpl_cc13x2.aem4f : PowerCC26X2_tirtos.oem4f (.text:PowerCC26XX_schedulerDisable)
                  00005c6c    0000001c                      : PowerCC26X2_tirtos.oem4f (.text:PowerCC26XX_schedulerRestore)
                  00005c88    0000001c     rom_sysbios.aem4f : rom_sysbios.obj (.text:ti_sysbios_knl_Swi_construct2__E)
                  00005ca4    0000001c     release_pem4f.oem4f (.text:xdc_runtime_Startup_exec__I)
                  00005cc0    0000001a     drivers_cc13x2.aem4f : PowerCC26X2.oem4f (.text:PowerCC26XX_calibrate)
                  00005cda    00000018                          : I2C.oem4f (.text:I2C_transfer)
                  00005cf2    00000002     rom_sysbios.aem4f : rom_sysbios.obj (.text:xdc_runtime_SysCallback_defaultPutch)
                  00005cf4    00000018     driverlib.lib : chipinfo.obj (.text:NOROM_ChipInfo_GetPackageType)
                  00005d0c    00000018     drivers_cc13x2.aem4f : PowerCC26X2.oem4f (.text:Power_idleFunc)
                  00005d24    00000018                          : UART.oem4f (.text:UART_Params_init)
                  00005d3c    00000018     rtsv7M4_T_le_v4SPD16_eabi.lib : args_main.c.obj (.text:_args_main)
                  00005d54    00000018                                   : ll_mul_t2.asm.obj (.text)
                  00005d6c    00000018     release_pem4f.oem4f (.text:ti_sysbios_BIOS_rtsUnlock__I)
                  00005d84    00000018     rom_sysbios.aem4f : rom_sysbios.obj (.text:ti_sysbios_knl_Swi_or__E)
                  00005d9c    00000018                       : rom_sysbios.obj (.text:ti_sysbios_rts_ti_ReentSupport_getReent__F)
                  00005db4    00000018                       : rom_sysbios.obj (.text:xdc_runtime_Error_init__E)
                  00005dcc    00000016     display.aem4f : DisplayUart.oem4f (.text:DisplayUartMin_close)
                  00005de2    00000016     driverlib.lib : chipinfo.obj (.text:NOROM_ThisLibraryIsFor_CC13x2_CC26x2_HwRev20AndLater_HaltIfViolated)
                  00005df8    00000016     rom_sysbios.aem4f : rom_sysbios.obj (.text:_pthread_cleanup_pop)
                  00005e0e    00000016     release_pem4f.oem4f (.text:ti_sysbios_BIOS_exitFunc__I)
                  00005e24    00000014     sail.lib : opt3001.obj (.text:OPT3001_Params_init)
                  00005e38    00000014     drivers_cc13x2.aem4f : PowerCC26X2_calibrateRCOSC.oem4f (.text:PowerCC26X2_calibrate)
                  00005e4c    00000014     i2copt3001.obj (.text:opt3001Callback)
                  00005e60    00000014     rom_sysbios.aem4f : rom_sysbios.obj (.text:pthread_attr_setschedparam)
                  00005e74    00000014     drivers_cc13x2.aem4f : PowerCC26X2.oem4f (.text:switchToTCXO)
                  00005e88    00000014     rom_sysbios.aem4f : rom_sysbios.obj (.text:ti_sysbios_family_arm_cc26xx_Timer_getCount64__E)
                  00005e9c    00000014     release_pem4f.oem4f (.text:ti_sysbios_knl_Clock_doTick__I)
                  00005eb0    00000012     bme280_support.obj (.text:BME280_delay_msek)
                  00005ec2    00000012     drivers_cc13x2.aem4f : RingBuf.oem4f (.text:RingBuf_construct)
                  00005ed4    00000012     dpl_cc13x2.aem4f : SemaphoreP_tirtos.oem4f (.text:SemaphoreP_pend)
                  00005ee6    00000012     rom_sysbios.aem4f : rom_sysbios.obj (.text:_pthread_runStub$45)
                  00005ef8    00000010     dpl_cc13x2.aem4f : HwiP_tirtos.oem4f (.text:HwiP_Params_init)
                  00005f08    00000010     drivers_cc13x2.aem4f : I2C.oem4f (.text:I2C_Params_init)
                  00005f18    00000010                          : PINCC26XX.oem4f (.text:PINCC26XX_getPinCount)
                  00005f28    00000010     dpl_cc13x2.aem4f : SwiP_tirtos.oem4f (.text:SwiP_Params_init)
                  00005f38    00000010     drivers_cc13x2.aem4f : I2CCC26XX.oem4f (.text:i2cPostNotify)
                  00005f48    00000010                          : UARTCC26XX.oem4f (.text:uartPostNotify)
                  00005f58    0000000e     rtsv7M4_T_le_v4SPD16_eabi.lib : copy_decompress_none.c.obj (.text:decompress:none:__TI_decompress_none)
                  00005f66    0000000e     rom_sysbios.aem4f : rom_sysbios.obj (.text:pthread_attr_setdetachstate)
                  00005f74    0000000e                       : rom_sysbios.obj (.text:sem_wait)
                  00005f82    0000000e                       : rom_sysbios.obj (.text:ti_sysbios_family_arm_cc26xx_TimestampProvider_get32__E)
                  00005f90    0000000c     driverlib.lib : cpu.obj (.text:NOROM_CPUcpsid)
                  00005f9c    0000000c                   : cpu.obj (.text:NOROM_CPUcpsie)
                  00005fa8    0000000c     drivers_cc13x2.aem4f : PINCC26XX.oem4f (.text:PIN_registerIntCb)
                  00005fb4    0000000c                          : PowerCC26X2.oem4f (.text:Power_getConstraintMask)
                  00005fc0    0000000c                          : PowerCC26X2.oem4f (.text:Power_getDependencyCount)
                  00005fcc    0000000c     dpl_cc13x2.aem4f : SemaphoreP_tirtos.oem4f (.text:SemaphoreP_delete)
                  00005fd8    0000000c     rtsv7M4_T_le_v4SPD16_eabi.lib : _lock.c.obj (.text:_register_lock)
                  00005fe4    0000000c                                   : _lock.c.obj (.text:_register_unlock)
                  00005ff0    0000000c                                   : copy_zero_init.c.obj (.text:decompress:ZI:__TI_zero_init)
                  00005ffc    0000000c     rom_sysbios.aem4f : rom_sysbios.obj (.text:pthread_self)
                  00006008    0000000c                       : rom_sysbios.obj (.text:ti_sysbios_knl_Queue_insert__E)
                  00006014    0000000c                       : rom_sysbios.obj (.text:ti_sysbios_knl_Swi_getTrigger__E)
                  00006020    0000000a     dpl_cc13x2.aem4f : ClockP_tirtos.oem4f (.text:ClockP_Params_init)
                  0000602a    0000000a     drivers_cc13x2.aem4f : I2CCC26XX.oem4f (.text:I2CCC26XX_init)
                  00006034    0000000a                          : UART.oem4f (.text:UART_close)
                  0000603e    0000000a                          : UART.oem4f (.text:UART_control)
                  00006048    0000000a                          : UART.oem4f (.text:UART_write)
                  00006052    0000000a     rom_sysbios.aem4f : rom_sysbios.obj (.text:sem_post)
                  0000605c    0000000a     release_pem4f.oem4f (.text:ti_sysbios_rts_ti_ReentSupport_getTlsAddr__I)
                  00006066    00000008     drivers_cc13x2.aem4f : I2CCC26XX.oem4f (.text:I2CCC26XX_blockingCallback)
                  0000606e    00000008                          : UARTCC26XX.oem4f (.text:UARTCC26XX_init)
                  00006076    00000008                          : UARTCC26XX.oem4f (.text:readSemCallback)
                  0000607e    00000008                          : UARTCC26XX.oem4f (.text:writeSemCallback)
                  00006086    00000008     release_pem4f.oem4f (.text:xdc_runtime_Text_visitRope__I)
                  0000608e    00000006     display.aem4f : DisplayUart.oem4f (.text:DisplayUartMin_control)
                  00006094    00000006                   : DisplayUart.oem4f (.text:DisplayUartMin_getType)
                  0000609a    00000006     drivers_cc13x2.aem4f : I2CCC26XX.oem4f (.text:I2CCC26XX_control)
                  000060a0    00000006     driverlib.lib : cpu.obj (.text:NOROM_CPUdelay)
                  000060a6    00000006     drivers_cc13x2.aem4f : UARTCC26XX.oem4f (.text:UARTCC26XX_readPolling)
                  000060ac    00000006                          : UARTCC26XX.oem4f (.text:UARTCC26XX_writePolling)
                  000060b2    00000006     rom_sysbios.aem4f : rom_sysbios.obj (.text:pthread_attr_setstacksize)
                  000060b8    00000004     dpl_cc13x2.aem4f : PowerCC26X2_tirtos.oem4f (.text:CPUwfi)
                  000060bc    00000004                      : ClockP_tirtos.oem4f (.text:ClockP_destruct)
                  000060c0    00000004                      : ClockP_tirtos.oem4f (.text:ClockP_getCpuFreq)
                  000060c4    00000004                      : ClockP_tirtos.oem4f (.text:ClockP_setTimeout)
                  000060c8    00000004                      : ClockP_tirtos.oem4f (.text:ClockP_start)
                  000060cc    00000004                      : ClockP_tirtos.oem4f (.text:ClockP_stop)
                  000060d0    00000004                      : HwiP_tirtos.oem4f (.text:HwiP_destruct)
                  000060d4    00000004                      : HwiP_tirtos.oem4f (.text:HwiP_disable)
                  000060d8    00000004                      : HwiP_tirtos.oem4f (.text:HwiP_disableInterrupt)
                  000060dc    00000004                      : HwiP_tirtos.oem4f (.text:HwiP_enableInterrupt)
                  000060e0    00000004                      : SemaphoreP_tirtos.oem4f (.text:SemaphoreP_destruct)
                  000060e4    00000004                      : SemaphoreP_tirtos.oem4f (.text:SemaphoreP_post)
                  000060e8    00000004                      : SwiP_tirtos.oem4f (.text:SwiP_destruct)
                  000060ec    00000004                      : SwiP_tirtos.oem4f (.text:SwiP_disable)
                  000060f0    00000004                      : SwiP_tirtos.oem4f (.text:SwiP_getTrigger)
                  000060f4    00000004                      : SwiP_tirtos.oem4f (.text:SwiP_or)
                  000060f8    00000004                      : SwiP_tirtos.oem4f (.text:SwiP_post)
                  000060fc    00000004                      : SystemP_tirtos.oem4f (.text:SystemP_vsnprintf)
                  00006100    00000004     rom_sysbios.aem4f : rom_sysbios.obj (.text:__aeabi_errno_addr)
                  00006104    00000004     drivers_cc13x2.aem4f : PowerCC26X2.oem4f (.text:configureRFCoreClocks)
                  00006108    00000004                          : PowerCC26X2.oem4f (.text:nopResourceHandler)
                  0000610c    00000004     rom_sysbios.aem4f : rom_sysbios.obj (.text:pthread_attr_destroy)
                  00006110    00000004                       : rom_sysbios.obj (.text:ti_sysbios_knl_Task_getArg1__E)
                  00006114    00000004                       : rom_sysbios.obj (.text:ti_sysbios_knl_Task_getEnv__E)
                  00006118    00000004     release_pem4f.oem4f (.text:xdc_runtime_Startup_reset__I)
                  0000611c    00000004     rom_sysbios.aem4f : rom_sysbios.obj (.text:xdc_runtime_SysCallback_defaultReady)
                  00006120    00000008     (.tramp.xdc_runtime_System_vsnprintf__E.1)
                  00006128    00000008     (.tramp.ti_sysbios_knl_Swi_destruct.1)
                  00006130    00000008     (.tramp.ti_sysbios_family_arm_m3_Hwi_enableInterrupt__E.1)
                  00006138    00000008     (.tramp.ti_sysbios_family_arm_m3_Hwi_disableInterrupt__E.1)
                  00006140    00000008     (.tramp.ti_sysbios_family_arm_m3_Hwi_disableFxn__E.1)
                  00006148    00000008     (.tramp.ti_sysbios_family_arm_m3_Hwi_destruct.1)
                  00006150    00000008     (.tramp.ti_sysbios_BIOS_getCpuFreq__E.1)
                  00006158    00000008     (.tramp.ti_sysbios_knl_Clock_destruct.1)
                  00006160    00000008     (.tramp.ti_sysbios_knl_Task_self__E.1)
                  00006168    00000008     (.tramp.ti_sysbios_knl_Semaphore_delete.1)
                  00006170    00000008     (.tramp.ti_sysbios_knl_Clock_logTick__E.1)
                  00006178    00000008     (.tramp.ti_sysbios_BIOS_getThreadType__E.1)
                  00006180    00000008     (.tramp.ti_sysbios_knl_Swi_post__E.1)
                  00006188    00000008     (.tramp.ti_sysbios_BIOS_RtsGateProxy_leave__E.1)
                  00006190    00000008     (.tramp.ti_sysbios_knl_Swi_construct.1)
                  00006198    00000008     (.tramp.ti_sysbios_BIOS_RtsGateProxy_enter__E.1)
                  000061a0    00000008     (.tramp.ti_sysbios_knl_Clock_TimerProxy_getCurrentTick__E.1)
                  000061a8    00000008     (.tramp.ti_sysbios_knl_Task_delete.1)
                  000061b0    00000008     (.tramp.ti_sysbios_knl_Semaphore_destruct.1)
                  000061b8    00000008     (.tramp.ti_sysbios_knl_Semaphore_create.1)
                  000061c0    00000008     (.tramp.ti_sysbios_knl_Task_startup__E.1)
                  000061c8    00000008     (.tramp.ti_sysbios_knl_Swi_startup__E.1)
                  000061d0    00000008     (.tramp.ti_sysbios_hal_Hwi_startup__E.1)
                  000061d8    00000008     (.tramp.ti_sysbios_family_arm_cc26xx_Timer_startup__E.1)
                  000061e0    00000008     (.tramp.xdc_runtime_System_atexit__E.1)
                  000061e8    00000008     (.tramp.ti_sysbios_BIOS_linkedWithIncorrectBootLibrary__E.1)
                  000061f0    00000008     (.tramp.xdc_runtime_Startup_rtsDone__E.1)
                  000061f8    00000008     (.tramp.ti_sysbios_knl_Swi_disable__E.1)
                  00006200    00000008     (.tramp.ti_sysbios_family_arm_m3_Hwi_construct.1)
                  00006208    00000008     (.tramp.ti_sysbios_knl_Task_sleep__E.1)
                  00006210    00000008     (.tramp.ti_sysbios_knl_Swi_Params__init__S.1)
                  00006218    00000008     (.tramp.ti_sysbios_family_arm_m3_Hwi_Params__init__S.1)
                  00006220    00000008     (.tramp.strlen.1)
                  00006228    00000008     (.tramp.ti_sysbios_knl_Clock_construct.1)
                  00006230    00000008     (.tramp.ti_sysbios_knl_Clock_Params__init__S.1)
                  00006238    00000008     (.tramp.xdc_runtime_System_exit__E.1)
                  00006240    00000008     (.tramp.ti_sysbios_heaps_HeapMem_restore__E.1)
                  00006248    00000008     (.tramp.ti_sysbios_heaps_HeapMem_Object__get__S.1)
                  00006250    00000008     (.tramp.ti_sysbios_BIOS_start__E.1)
                  00006258    00000008     (.tramp.xdc_runtime_Error_raiseX__E.1)
                  00006260    00000008     (.tramp.ti_sysbios_BIOS_setThreadType__E.1)
                  00006268    00000008     (.tramp.ti_sysbios_family_arm_m3_Hwi_excFillContext__I.1)
                  00006270    00000008     (.tramp.ti_sysbios_knl_Semaphore_post__E.1)
                  00006278    00000008     (.tramp.xdc_runtime_Memory_free__E.1)
                  00006280    00000008     (.tramp.ti_sysbios_knl_Queue_next__E.1)
                  00006288    00000008     (.tramp.ti_sysbios_knl_Queue_head__E.1)
                  00006290    00000008     (.tramp.ti_sysbios_knl_Semaphore_pend__E.1)
                  00006298    00000008     (.tramp.ti_sysbios_knl_Task_restore__E.1)
                  000062a0    00000008     (.tramp.ti_sysbios_knl_Queue_enqueue__E.1)
                  000062a8    00000008     (.tramp.ti_sysbios_knl_Queue_empty__E.1)
                  000062b0    00000008     (.tramp.ti_sysbios_knl_Queue_remove__E.1)
                  000062b8    00000008     (.tramp.ti_sysbios_knl_Task_disable__E.1)
                  000062c0    00000008     (.tramp.ti_sysbios_knl_Clock_stop__E.1)
                  000062c8    00000008     (.tramp.ti_sysbios_knl_Clock_start__E.1)
                  000062d0    00000008     (.tramp.ti_sysbios_knl_Clock_setTimeout__E.1)
                  000062d8    00000008     (.tramp.ti_sysbios_knl_Task_create.1)
                  000062e0    00000008     (.tramp.ti_sysbios_knl_Semaphore_construct.1)
                  000062e8    00000008     (.tramp.ti_sysbios_knl_Semaphore_Params__init__S.1)
                  000062f0    00000008     (.tramp.ti_sysbios_knl_Queue_construct.1)
                  000062f8    00000008     (.tramp.xdc_runtime_Memory_alloc__E.1)
                  00006300    00000008     (.tramp.ti_sysbios_knl_Task_Params__init__S.1)
                  00006308    00000008     (.tramp.ti_sysbios_family_arm_m3_Hwi_restoreFxn__E.1)
                  00006310    00000008     (.tramp.xdc_runtime_System_doPrint__I.1)
                  00006318    00000008     (.tramp.ti_sysbios_knl_Swi_restore__E.1)

.const     0    00006320    0000076f     
                  00006320    000003b8     release_pem4f.oem4f (.const:ROM_constStruct)
                  000066d8    00000054     drivers_cc13x2.aem4f : PowerCC26X2.oem4f (.const:resourceDB)
                  0000672c    00000048     release_pem4f.oem4f (.const:.string)
                  00006774    00000048     release_pem4f.oem4f (.const:ROM_externFuncPtrs)
                  000067bc    00000028     i2copt3001.obj (.const:$P$T0$1)
                  000067e4    00000028     i2copt3001.obj (.const:$P$T1$2)
                  0000680c    00000028     drivers_cc13x2.aem4f : UARTCC26XX.oem4f (.const:UARTCC26XX_fxnTable)
                  00006834    00000028     ti_drivers_config.obj (.const:uartCC26XXHWAttrs)
                  0000685c    00000024     drivers_cc13x2.aem4f : UART.oem4f (.const:UART_defaultParams)
                  00006880    00000024     release_pem4f.oem4f (.const:xdc_runtime_Startup_sfxnTab__A)
                  000068a4    00000020     ti_drivers_config.obj (.const:BoardGpioInitTable)
                  000068c4    00000020     display.aem4f : DisplayUart.oem4f (.const:DisplayUartMin_fxnTable)
                  000068e4    00000018     drivers_cc13x2.aem4f : I2CCC26XX.oem4f (.const:I2CCC26XX_fxnTable)
                  000068fc    00000018     ti_drivers_config.obj (.const:i2cCC26xxHWAttrs)
                  00006914    00000018     drivers_cc13x2.aem4f : GPIOCC26XX.oem4f (.const:interruptType)
                  0000692c    00000014     ti_drivers_config.obj (.const:GPIOCC26XX_config)
                  00006940    00000014     ti_drivers_config.obj (.const:PowerCC26X2_config)
                  00006954    00000014     ti_drivers_config.obj (.const:displayUartHWAttrs)
                  00006968    00000014     drivers_cc13x2.aem4f : UARTCC26XX.oem4f (.const:parityType)
                  0000697c    00000012     release_pem4f.oem4f (.const:xdc_runtime_Startup_sfxnRts__A)
                  0000698e    00000001     display.aem4f : Display.oem4f (.const:Display_defaultParams)
                  0000698f    00000001     release_pem4f.oem4f (.const:xdc_runtime_Text_charTab__A)
                  00006990    00000010     drivers_cc13x2.aem4f : I2C.oem4f (.const:I2C_defaultParams)
                  000069a0    00000010     i2copt3001.obj (.const:OPT3001_config)
                  000069b0    00000010     sail.lib : opt3001.obj (.const:OPT3001_defaultParams)
                  000069c0    00000010     drivers_cc13x2.aem4f : UARTCC26XX.oem4f (.const:dataLength)
                  000069d0    00000010                          : GPIOCC26XX.oem4f (.const:outPinTypes)
                  000069e0    0000000c     ti_drivers_config.obj (.const:Display_config)
                  000069ec    0000000c     ti_drivers_config.obj (.const:I2C_config)
                  000069f8    0000000c     ti_drivers_config.obj (.const:UART_config)
                  00006a04    0000000c     drivers_cc13x2.aem4f : GPIOCC26XX.oem4f (.const:inPinTypes)
                  00006a10    0000000c                          : GPIOCC26XX.oem4f (.const:outPinStrengths)
                  00006a1c    0000000c     release_pem4f.oem4f (.const:xdc_runtime_Startup_firstFxns__A)
                  00006a28    00000008     driverlib.lib : aux_sysif.obj (.const:$O1$$)
                  00006a30    00000008     i2copt3001.obj (.const:OPT3001_hwAttrs)
                  00006a38    00000008     ti_drivers_config.obj (.const:PINCC26XX_hwAttrs)
                  00006a40    00000008     drivers_cc13x2.aem4f : I2CCC26XX.oem4f (.const:bitRate)
                  00006a48    00000008                          : UARTCC26XX.oem4f (.const:stopBits)
                  00006a50    00000008     release_pem4f.oem4f (.const:ti_sysbios_family_arm_m3_Hwi_excHookFuncs__A)
                  00006a58    00000008     release_pem4f.oem4f (.const:ti_sysbios_knl_Idle_funcList__A)
                  00006a60    00000006     drivers_cc13x2.aem4f : UARTCC26XX.oem4f (.const:.string:rxFifoBytes)
                  00006a66    00000006                          : UARTCC26XX.oem4f (.const:.string:rxFifoThreshold)
                  00006a6c    00000006                          : UARTCC26XX.oem4f (.const:.string:txFifoBytes)
                  00006a72    00000006                          : UARTCC26XX.oem4f (.const:.string:txFifoThreshold)
                  00006a78    00000004     release_pem4f.oem4f (.const:ti_sysbios_family_arm_m3_Hwi_E_exception__C)
                  00006a7c    00000004     release_pem4f.oem4f (.const:ti_sysbios_heaps_HeapMem_primaryHeapBaseAddr__C)
                  00006a80    00000004     release_pem4f.oem4f (.const:ti_sysbios_heaps_HeapMem_primaryHeapEndAddr__C)
                  00006a84    00000004     release_pem4f.oem4f (.const:ti_sysbios_knl_Clock_tickPeriod__C)
                  00006a88    00000004     release_pem4f.oem4f (.const:ti_sysbios_knl_Task_Object__heap__C)
                  00006a8c    00000003     ti_drivers_config.obj (.const)

MODULE SUMMARY

       Module                             code    ro data   rw data
       ------                             ----    -------   -------
    ./
       i2copt3001.obj                     1400    104       96     
       bme280_support.obj                 574     0         64     
       main_tirtos.obj                    112     0         0      
    +--+----------------------------------+-------+---------+---------+
       Total:                             2086    104       160    
                                                                   
    ./syscfg/
       ti_drivers_config.obj              30      203       1616   
       ti_devices_config.obj              0       88        0      
    +--+----------------------------------+-------+---------+---------+
       Total:                             30      291       1616   
                                                                   
    /Users/anetreba/Desktop/Reaction/tirtos_builds_CC1352R1_LAUNCHXL_release_ccs/Debug/configPkg/package/cfg/
       release_pem4f.oem4f                802     1259      1830   
    +--+----------------------------------+-------+---------+---------+
       Total:                             802     1259      1830   
                                                                   
    /Users/anetreba/Desktop/Reaction/tirtos_builds_CC1352R1_LAUNCHXL_release_ccs/src/sysbios/rom_sysbios.aem4f
       rom_sysbios.obj                    2109    0         136    
    +--+----------------------------------+-------+---------+---------+
       Total:                             2109    0         136    
                                                                   
    /Volumes/Storage/shared/anetreba/ti/ccs1020/ccs/tools/compiler/ti-cgt-arm_20.2.2.LTS/lib/rtsv7M4_T_le_v4SPD16_eabi.lib
       fd_add_t2.asm.obj                  438     0         0      
       fd_cmp_t2.asm.obj                  268     0         0      
       fd_mul_t2.asm.obj                  252     0         0      
       memcpy_t2.asm.obj                  156     0         0      
       ull_div_t2.asm.obj                 150     0         0      
       memset_t2.asm.obj                  122     0         0      
       copy_decompress_lzss.c.obj         104     0         0      
       cpy_tbl.c.obj                      76      0         0      
       fd_tou_t2.asm.obj                  68      0         0      
       u_divt2.asm.obj                    64      0         0      
       fs_tod_t2.asm.obj                  56      0         0      
       _lock.c.obj                        26      0         8      
       u_tofd_t2.asm.obj                  32      0         0      
       args_main.c.obj                    24      0         0      
       ll_mul_t2.asm.obj                  24      0         0      
       copy_decompress_none.c.obj         14      0         0      
       copy_zero_init.c.obj               12      0         0      
       stkdepth_vars.c.obj                0       0         4      
       div0.asm.obj                       2       0         0      
    +--+----------------------------------+-------+---------+---------+
       Total:                             1888    0         12     
                                                                   
    /Volumes/Storage/shared/anetreba/ti/ccs1020/sail_1_50_00_00/source/ti/sail/lib/ccs/cc1352r1/sail.lib
       bme280.obj                         3972    0         4      
       opt3001.obj                        710     16        1      
    +--+----------------------------------+-------+---------+---------+
       Total:                             4682    16        5      
                                                                   
    /Volumes/Storage/shared/anetreba/ti/ccs1020/simplelink_cc13x2_26x2_sdk_3_30_00_03/kernel/tirtos/packages/ti/dpl/lib/dpl_cc13x2.aem4f
       PowerCC26X2_tirtos.oem4f           240     0         8      
       SemaphoreP_tirtos.oem4f            126     0         0      
       ClockP_tirtos.oem4f                110     0         4      
       SwiP_tirtos.oem4f                  96      0         0      
       HwiP_tirtos.oem4f                  94      0         0      
       SystemP_tirtos.oem4f               4       0         0      
    +--+----------------------------------+-------+---------+---------+
       Total:                             670     0         12     
                                                                   
    /Volumes/Storage/shared/anetreba/ti/ccs1020/simplelink_cc13x2_26x2_sdk_3_30_00_03/kernel/tirtos/packages/ti/targets/arm/rtsarm/lib/auto_init.aem4f
       auto_init.oem4f                    160     0         0      
    +--+----------------------------------+-------+---------+---------+
       Total:                             160     0         0      
                                                                   
    /Volumes/Storage/shared/anetreba/ti/ccs1020/simplelink_cc13x2_26x2_sdk_3_30_00_03/kernel/tirtos/packages/ti/targets/arm/rtsarm/lib/boot.aem4f
       boot.oem4f                         88      0         0      
    +--+----------------------------------+-------+---------+---------+
       Total:                             88      0         0      
                                                                   
    /Volumes/Storage/shared/anetreba/ti/ccs1020/simplelink_cc13x2_26x2_sdk_3_30_00_03/source/ti/devices/cc13x2_cc26x2/driverlib/bin/ccs/driverlib.lib
       sys_ctrl.obj                       408     0         0      
       osc.obj                            336     0         28     
       setup.obj                          324     0         0      
       chipinfo.obj                       226     0         0      
       aux_sysif.obj                      52      8         0      
       cpu.obj                            30      0         0      
       driverlib_release.obj              0       0         1      
    +--+----------------------------------+-------+---------+---------+
       Total:                             1376    8         29     
                                                                   
    /Volumes/Storage/shared/anetreba/ti/ccs1020/simplelink_cc13x2_26x2_sdk_3_30_00_03/source/ti/display/lib/display.aem4f
       DisplayUart.oem4f                  184     32        0      
       Display.oem4f                      134     1         0      
    +--+----------------------------------+-------+---------+---------+
       Total:                             318     33        0      
                                                                   
    /Volumes/Storage/shared/anetreba/ti/ccs1020/simplelink_cc13x2_26x2_sdk_3_30_00_03/source/ti/drivers/lib/drivers_cc13x2.aem4f
       UARTCC26XX.oem4f                   2742    108       0      
       PowerCC26X2.oem4f                  2082    84        272    
       PINCC26XX.oem4f                    1558    0         276    
       I2CCC26XX.oem4f                    1486    32        0      
       PowerCC26X2_calibrateRCOSC.oem4f   1400    0         0      
       GPIOCC26XX.oem4f                   740     64        61     
       UART.oem4f                         186     36        1      
       I2C.oem4f                          172     16        1      
       RingBuf.oem4f                      152     0         0      
       List.oem4f                         76      0         0      
    +--+----------------------------------+-------+---------+---------+
       Total:                             10594   340       611    
                                                                   
       Stack:                             0       0         1024   
       Linker Generated:                  512     479       0      
    +--+----------------------------------+-------+---------+---------+
       Grand Total:                       25315   2530      5435   


LINKER GENERATED COPY TABLES

__TI_cinit_table @ 00006c48 records: 5, size/record: 8, table size: 40
	.data: load addr=00006a90, load size=0000018b bytes, run addr=20001c20, run size=0000054e bytes, compression=lzss
	.bss: load addr=00006c28, load size=00000008 bytes, run addr=20001110, run size=00000b09 bytes, compression=zero_init
	.data:xdcRomConstPtr: load addr=00006c30, load size=00000008 bytes, run addr=20000100, run size=00000004 bytes, compression=lzss
	.data:xdcRomExternFuncPtr: load addr=00006c38, load size=00000008 bytes, run addr=20000104, run size=00000004 bytes, compression=lzss
	.data:xdcRomStatePtr: load addr=00006c40, load size=00000008 bytes, run addr=20000108, run size=00000004 bytes, compression=lzss


LINKER GENERATED HANDLER TABLE

__TI_handler_table @ 00006c1c records: 3, size/record: 4, table size: 12
	index: 0, handler: __TI_decompress_lzss
	index: 1, handler: __TI_decompress_none
	index: 2, handler: __TI_zero_init


FAR CALL TRAMPOLINES

callee name               trampoline name
   callee addr  tramp addr   call addr  call info
--------------  -----------  ---------  ----------------
xdc_runtime_System_vsnprintf__E  $Tramp$TT$L$PI$$xdc_runtime_System_vsnprintf__E
   1002f8b9     00006120     000060fc   dpl_cc13x2.aem4f : SystemP_tirtos.oem4f (.text:SystemP_vsnprintf)
ti_sysbios_knl_Swi_destruct  $Tramp$TT$L$PI$$ti_sysbios_knl_Swi_destruct
   1002e8bd     00006128     000060e8   dpl_cc13x2.aem4f : SwiP_tirtos.oem4f (.text:SwiP_destruct)
ti_sysbios_family_arm_m3_Hwi_enableInterrupt__E  $Tramp$TT$L$PI$$ti_sysbios_family_arm_m3_Hwi_enableInterrupt__E
   1002d91d     00006130     000060dc   dpl_cc13x2.aem4f : HwiP_tirtos.oem4f (.text:HwiP_enableInterrupt)
ti_sysbios_family_arm_m3_Hwi_disableInterrupt__E  $Tramp$TT$L$PI$$ti_sysbios_family_arm_m3_Hwi_disableInterrupt__E
   1002d8d9     00006138     000060d8   dpl_cc13x2.aem4f : HwiP_tirtos.oem4f (.text:HwiP_disableInterrupt)
ti_sysbios_family_arm_m3_Hwi_disableFxn__E  $Tramp$TT$L$PI$$ti_sysbios_family_arm_m3_Hwi_disableFxn__E
   1002eb55     00006140     000060d4   dpl_cc13x2.aem4f : HwiP_tirtos.oem4f (.text:HwiP_disable)
ti_sysbios_family_arm_m3_Hwi_destruct  $Tramp$TT$L$PI$$ti_sysbios_family_arm_m3_Hwi_destruct
   1002e475     00006148     000060d0   dpl_cc13x2.aem4f : HwiP_tirtos.oem4f (.text:HwiP_destruct)
ti_sysbios_BIOS_getCpuFreq__E  $Tramp$TT$L$PI$$ti_sysbios_BIOS_getCpuFreq__E
   1002e9fd     00006150     000060c0   dpl_cc13x2.aem4f : ClockP_tirtos.oem4f (.text:ClockP_getCpuFreq)
ti_sysbios_knl_Clock_destruct  $Tramp$TT$L$PI$$ti_sysbios_knl_Clock_destruct
   1002e649     00006158     000060bc   dpl_cc13x2.aem4f : ClockP_tirtos.oem4f (.text:ClockP_destruct)
ti_sysbios_knl_Task_self__E  $Tramp$TT$L$PI$$ti_sysbios_knl_Task_self__E
   1002eaf5     00006160     00005ffe   rom_sysbios.aem4f : rom_sysbios.obj (.text:pthread_self)
                             0000605e   release_pem4f.oem4f (.text:ti_sysbios_rts_ti_ReentSupport_getTlsAddr__I)
ti_sysbios_knl_Semaphore_delete  $Tramp$TT$L$PI$$ti_sysbios_knl_Semaphore_delete
   1002ecdb     00006168     00005fd2   dpl_cc13x2.aem4f : SemaphoreP_tirtos.oem4f (.text:SemaphoreP_delete)
ti_sysbios_knl_Clock_logTick__E  $Tramp$TT$L$PI$$ti_sysbios_knl_Clock_logTick__E
   1002dbd7     00006170     00005e9e   release_pem4f.oem4f (.text:ti_sysbios_knl_Clock_doTick__I)
ti_sysbios_BIOS_getThreadType__E  $Tramp$TT$L$PI$$ti_sysbios_BIOS_getThreadType__E
   1002ea95     00006178     00005d9e   rom_sysbios.aem4f : rom_sysbios.obj (.text:ti_sysbios_rts_ti_ReentSupport_getReent__F)
ti_sysbios_knl_Swi_post__E  $Tramp$TT$L$PI$$ti_sysbios_knl_Swi_post__E
   1002d891     00006180     00005d98   rom_sysbios.aem4f : rom_sysbios.obj (.text:ti_sysbios_knl_Swi_or__E)
                             00005ea6   release_pem4f.oem4f (.text:ti_sysbios_knl_Clock_doTick__I)
                             000060f8   dpl_cc13x2.aem4f : SwiP_tirtos.oem4f (.text:SwiP_post)
ti_sysbios_BIOS_RtsGateProxy_leave__E  $Tramp$TT$L$PI$$ti_sysbios_BIOS_RtsGateProxy_leave__E
   1002ec7b     00006188     00005d7a   release_pem4f.oem4f (.text:ti_sysbios_BIOS_rtsUnlock__I)
ti_sysbios_knl_Swi_construct  $Tramp$TT$L$PI$$ti_sysbios_knl_Swi_construct
   1002d719     00006190     00005c8e   rom_sysbios.aem4f : rom_sysbios.obj (.text:ti_sysbios_knl_Swi_construct2__E)
ti_sysbios_BIOS_RtsGateProxy_enter__E  $Tramp$TT$L$PI$$ti_sysbios_BIOS_RtsGateProxy_enter__E
   1002ec77     00006198     00005b66   release_pem4f.oem4f (.text:ti_sysbios_BIOS_rtsLock__I)
ti_sysbios_knl_Clock_TimerProxy_getCurrentTick__E  $Tramp$TT$L$PI$$ti_sysbios_knl_Clock_TimerProxy_getCurrentTick__E
   1002eac5     000061a0     0000586a   rom_sysbios.aem4f : rom_sysbios.obj (.text:ti_sysbios_knl_Clock_getTicksUntilInterrupt__E)
ti_sysbios_knl_Task_delete  $Tramp$TT$L$PI$$ti_sysbios_knl_Task_delete
   1002ece7     000061a8     00005814   rom_sysbios.aem4f : rom_sysbios.obj (.text:_pthread_delete$45)
ti_sysbios_knl_Semaphore_destruct  $Tramp$TT$L$PI$$ti_sysbios_knl_Semaphore_destruct
   1002e6fd     000061b0     00005808   rom_sysbios.aem4f : rom_sysbios.obj (.text:_pthread_delete$45)
                             000060e0   dpl_cc13x2.aem4f : SemaphoreP_tirtos.oem4f (.text:SemaphoreP_destruct)
ti_sysbios_knl_Semaphore_create  $Tramp$TT$L$PI$$ti_sysbios_knl_Semaphore_create
   1002dc49     000061b8     000057f4   dpl_cc13x2.aem4f : SemaphoreP_tirtos.oem4f (.text:SemaphoreP_createBinary)
ti_sysbios_knl_Task_startup__E  $Tramp$TT$L$PI$$ti_sysbios_knl_Task_startup__E
   1002eceb     000061c0     0000573c   release_pem4f.oem4f (.text:ti_sysbios_BIOS_startFunc__I)
ti_sysbios_knl_Swi_startup__E  $Tramp$TT$L$PI$$ti_sysbios_knl_Swi_startup__E
   1002ec6b     000061c8     00005738   release_pem4f.oem4f (.text:ti_sysbios_BIOS_startFunc__I)
ti_sysbios_hal_Hwi_startup__E  $Tramp$TT$L$PI$$ti_sysbios_hal_Hwi_startup__E
   1002ec31     000061d0     00005734   release_pem4f.oem4f (.text:ti_sysbios_BIOS_startFunc__I)
ti_sysbios_family_arm_cc26xx_Timer_startup__E  $Tramp$TT$L$PI$$ti_sysbios_family_arm_cc26xx_Timer_startup__E
   1002dcf1     000061d8     00005730   release_pem4f.oem4f (.text:ti_sysbios_BIOS_startFunc__I)
xdc_runtime_System_atexit__E  $Tramp$TT$L$PI$$xdc_runtime_System_atexit__E
   1002f559     000061e0     00005728   release_pem4f.oem4f (.text:ti_sysbios_BIOS_startFunc__I)
ti_sysbios_BIOS_linkedWithIncorrectBootLibrary__E  $Tramp$TT$L$PI$$ti_sysbios_BIOS_linkedWithIncorrectBootLibrary__E
   1002d01b     000061e8     00005722   release_pem4f.oem4f (.text:ti_sysbios_BIOS_startFunc__I)
xdc_runtime_Startup_rtsDone__E  $Tramp$TT$L$PI$$xdc_runtime_Startup_rtsDone__E
   1002f8e5     000061f0     0000571a   release_pem4f.oem4f (.text:ti_sysbios_BIOS_startFunc__I)
ti_sysbios_knl_Swi_disable__E  $Tramp$TT$L$PI$$ti_sysbios_knl_Swi_disable__E
   1002ea25     000061f8     000056ea   release_pem4f.oem4f (.text:ti_sysbios_BIOS_atExitFunc__I)
                             00005c5a   dpl_cc13x2.aem4f : PowerCC26X2_tirtos.oem4f (.text:PowerCC26XX_schedulerDisable)
                             000060ec                    : SwiP_tirtos.oem4f (.text:SwiP_disable)
ti_sysbios_family_arm_m3_Hwi_construct  $Tramp$TT$L$PI$$ti_sysbios_family_arm_m3_Hwi_construct
   1002d421     00006200     00005316   rom_sysbios.aem4f : rom_sysbios.obj (.text:ti_sysbios_family_arm_m3_Hwi_construct2__E)
ti_sysbios_knl_Task_sleep__E  $Tramp$TT$L$PI$$ti_sysbios_knl_Task_sleep__E
   1002ce01     00006208     000052ea   rom_sysbios.aem4f : rom_sysbios.obj (.text:sleep)
                             000055b8                     : rom_sysbios.obj (.text:usleep)
ti_sysbios_knl_Swi_Params__init__S  $Tramp$TT$L$PI$$ti_sysbios_knl_Swi_Params__init__S
   1002ebf1     00006210     0000529e   dpl_cc13x2.aem4f : SwiP_tirtos.oem4f (.text:SwiP_construct)
ti_sysbios_family_arm_m3_Hwi_Params__init__S  $Tramp$TT$L$PI$$ti_sysbios_family_arm_m3_Hwi_Params__init__S
   1002eb49     00006218     000051e8   dpl_cc13x2.aem4f : HwiP_tirtos.oem4f (.text:HwiP_construct)
strlen                    $Tramp$TT$L$PI$$strlen
   1002fddb     00006220     00004e8a   display.aem4f : DisplayUart.oem4f (.text:DisplayUartMin_vprintf)
ti_sysbios_knl_Clock_construct  $Tramp$TT$L$PI$$ti_sysbios_knl_Clock_construct
   1002dd8d     00006228     00004a7e   dpl_cc13x2.aem4f : ClockP_tirtos.oem4f (.text:ClockP_construct)
ti_sysbios_knl_Clock_Params__init__S  $Tramp$TT$L$PI$$ti_sysbios_knl_Clock_Params__init__S
   1002eb9d     00006230     00004a64   dpl_cc13x2.aem4f : ClockP_tirtos.oem4f (.text:ClockP_construct)
xdc_runtime_System_exit__E  $Tramp$TT$L$PI$$xdc_runtime_System_exit__E
   1002f7b1     00006238     00004830   boot.aem4f : boot.oem4f (.text)
                             00005e1e   release_pem4f.oem4f (.text:ti_sysbios_BIOS_exitFunc__I)
ti_sysbios_heaps_HeapMem_restore__E  $Tramp$TT$L$PI$$ti_sysbios_heaps_HeapMem_restore__E
   1002eb13     00006240     00004724   rom_sysbios.aem4f : rom_sysbios.obj (.text:ti_sysbios_heaps_HeapMem_initPrimary__I)
ti_sysbios_heaps_HeapMem_Object__get__S  $Tramp$TT$L$PI$$ti_sysbios_heaps_HeapMem_Object__get__S
   1002e275     00006248     000046f4   rom_sysbios.aem4f : rom_sysbios.obj (.text:ti_sysbios_heaps_HeapMem_initPrimary__I)
ti_sysbios_BIOS_start__E  $Tramp$TT$L$PI$$ti_sysbios_BIOS_start__E
   1002eaa5     00006250     00004034   main_tirtos.obj (.text:main)
xdc_runtime_Error_raiseX__E  $Tramp$TT$L$PI$$xdc_runtime_Error_raiseX__E
   1002f739     00006258     00003c62   rom_sysbios.aem4f : rom_sysbios.obj (.text:ti_sysbios_family_arm_m3_Hwi_excHandlerMin__I)
ti_sysbios_BIOS_setThreadType__E  $Tramp$TT$L$PI$$ti_sysbios_BIOS_setThreadType__E
   1002ea11     00006260     00003c22   rom_sysbios.aem4f : rom_sysbios.obj (.text:ti_sysbios_family_arm_m3_Hwi_excHandlerMin__I)
                             000056f4   release_pem4f.oem4f (.text:ti_sysbios_BIOS_atExitFunc__I)
                             00005e18   release_pem4f.oem4f (.text:ti_sysbios_BIOS_exitFunc__I)
ti_sysbios_family_arm_m3_Hwi_excFillContext__I  $Tramp$TT$L$PI$$ti_sysbios_family_arm_m3_Hwi_excFillContext__I
   1002bda9     00006268     00003c1c   rom_sysbios.aem4f : rom_sysbios.obj (.text:ti_sysbios_family_arm_m3_Hwi_excHandlerMin__I)
ti_sysbios_knl_Semaphore_post__E  $Tramp$TT$L$PI$$ti_sysbios_knl_Semaphore_post__E
   1002cd21     00006270     000038be   rom_sysbios.aem4f : rom_sysbios.obj (.text:_pthread_removeThreadKeys)
                             000048d0                     : rom_sysbios.obj (.text:pthread_exit)
                             00006054                     : rom_sysbios.obj (.text:sem_post)
                             000060e4   dpl_cc13x2.aem4f : SemaphoreP_tirtos.oem4f (.text:SemaphoreP_post)
xdc_runtime_Memory_free__E  $Tramp$TT$L$PI$$xdc_runtime_Memory_free__E
   1002f81d     00006278     000038b4   rom_sysbios.aem4f : rom_sysbios.obj (.text:_pthread_removeThreadKeys)
                             00005820                     : rom_sysbios.obj (.text:_pthread_delete$45)
ti_sysbios_knl_Queue_next__E  $Tramp$TT$L$PI$$ti_sysbios_knl_Queue_next__E
   1002ecd7     00006280     0000388e   rom_sysbios.aem4f : rom_sysbios.obj (.text:_pthread_removeThreadKeys)
ti_sysbios_knl_Queue_head__E  $Tramp$TT$L$PI$$ti_sysbios_knl_Queue_head__E
   1002ecd3     00006288     0000387a   rom_sysbios.aem4f : rom_sysbios.obj (.text:_pthread_removeThreadKeys)
ti_sysbios_knl_Semaphore_pend__E  $Tramp$TT$L$PI$$ti_sysbios_knl_Semaphore_pend__E
   1002bfb1     00006290     00003874   rom_sysbios.aem4f : rom_sysbios.obj (.text:_pthread_removeThreadKeys)
                             00005ed6   dpl_cc13x2.aem4f : SemaphoreP_tirtos.oem4f (.text:SemaphoreP_pend)
                             00005f7a   rom_sysbios.aem4f : rom_sysbios.obj (.text:sem_wait)
ti_sysbios_knl_Task_restore__E  $Tramp$TT$L$PI$$ti_sysbios_knl_Task_restore__E
   1002df45     00006298     0000327e   rom_sysbios.aem4f : rom_sysbios.obj (.text:ti_sysbios_knl_Task_setPri__E)
                             00003868                     : rom_sysbios.obj (.text:_pthread_removeThreadKeys)
                             000038c8                     : rom_sysbios.obj (.text:_pthread_removeThreadKeys)
                             000048e2                     : rom_sysbios.obj (.text:pthread_exit)
                             000059d4                     : rom_sysbios.obj (.text:_pthread_cleanupFxn)
                             00005c7a   dpl_cc13x2.aem4f : PowerCC26X2_tirtos.oem4f (.text:PowerCC26XX_schedulerRestore)
ti_sysbios_knl_Queue_enqueue__E  $Tramp$TT$L$PI$$ti_sysbios_knl_Queue_enqueue__E
   1002ebd9     000062a0     00003250   rom_sysbios.aem4f : rom_sysbios.obj (.text:ti_sysbios_knl_Task_setPri__E)
ti_sysbios_knl_Queue_empty__E  $Tramp$TT$L$PI$$ti_sysbios_knl_Queue_empty__E
   1002eb21     000062a8     00003238   rom_sysbios.aem4f : rom_sysbios.obj (.text:ti_sysbios_knl_Task_setPri__E)
                             00003860                     : rom_sysbios.obj (.text:_pthread_removeThreadKeys)
ti_sysbios_knl_Queue_remove__E  $Tramp$TT$L$PI$$ti_sysbios_knl_Queue_remove__E
   1002eb2f     000062b0     00003232   rom_sysbios.aem4f : rom_sysbios.obj (.text:ti_sysbios_knl_Task_setPri__E)
                             00003896                     : rom_sysbios.obj (.text:_pthread_removeThreadKeys)
                             0000389c                     : rom_sysbios.obj (.text:_pthread_removeThreadKeys)
ti_sysbios_knl_Task_disable__E  $Tramp$TT$L$PI$$ti_sysbios_knl_Task_disable__E
   1002ea4d     000062b8     000031f8   rom_sysbios.aem4f : rom_sysbios.obj (.text:ti_sysbios_knl_Task_setPri__E)
                             00003856                     : rom_sysbios.obj (.text:_pthread_removeThreadKeys)
                             000048d6                     : rom_sysbios.obj (.text:pthread_exit)
                             000056ee   release_pem4f.oem4f (.text:ti_sysbios_BIOS_atExitFunc__I)
                             000059c6   rom_sysbios.aem4f : rom_sysbios.obj (.text:_pthread_cleanupFxn)
                             00005c52   dpl_cc13x2.aem4f : PowerCC26X2_tirtos.oem4f (.text:PowerCC26XX_schedulerDisable)
ti_sysbios_knl_Clock_stop__E  $Tramp$TT$L$PI$$ti_sysbios_knl_Clock_stop__E
   1002e2c5     000062c0     00002e4a   dpl_cc13x2.aem4f : PowerCC26X2_tirtos.oem4f (.text:PowerCC26XX_standbyPolicy)
                             000060cc                    : ClockP_tirtos.oem4f (.text:ClockP_stop)
ti_sysbios_knl_Clock_start__E  $Tramp$TT$L$PI$$ti_sysbios_knl_Clock_start__E
   1002e9e7     000062c8     00002e3e   dpl_cc13x2.aem4f : PowerCC26X2_tirtos.oem4f (.text:PowerCC26XX_standbyPolicy)
                             000060c8                    : ClockP_tirtos.oem4f (.text:ClockP_start)
ti_sysbios_knl_Clock_setTimeout__E  $Tramp$TT$L$PI$$ti_sysbios_knl_Clock_setTimeout__E
   1002ecc3     000062d0     00002e38   dpl_cc13x2.aem4f : PowerCC26X2_tirtos.oem4f (.text:PowerCC26XX_standbyPolicy)
                             000060c4                    : ClockP_tirtos.oem4f (.text:ClockP_setTimeout)
ti_sysbios_knl_Task_create  $Tramp$TT$L$PI$$ti_sysbios_knl_Task_create
   1002d529     000062d8     000025e2   rom_sysbios.aem4f : rom_sysbios.obj (.text:pthread_create)
ti_sysbios_knl_Semaphore_construct  $Tramp$TT$L$PI$$ti_sysbios_knl_Semaphore_construct
   1002ddc1     000062e0     000025d8   rom_sysbios.aem4f : rom_sysbios.obj (.text:pthread_create)
                             000057ca   dpl_cc13x2.aem4f : SemaphoreP_tirtos.oem4f (.text:SemaphoreP_constructBinary)
                             00005a4c   rom_sysbios.aem4f : rom_sysbios.obj (.text:sem_init)
ti_sysbios_knl_Semaphore_Params__init__S  $Tramp$TT$L$PI$$ti_sysbios_knl_Semaphore_Params__init__S
   1002ebe5     000062e8     000025c6   rom_sysbios.aem4f : rom_sysbios.obj (.text:pthread_create)
                             000057ba   dpl_cc13x2.aem4f : SemaphoreP_tirtos.oem4f (.text:SemaphoreP_constructBinary)
                             000057e4                    : SemaphoreP_tirtos.oem4f (.text:SemaphoreP_createBinary)
ti_sysbios_knl_Queue_construct  $Tramp$TT$L$PI$$ti_sysbios_knl_Queue_construct
   1002dee5     000062f0     000025ba   rom_sysbios.aem4f : rom_sysbios.obj (.text:pthread_create)
xdc_runtime_Memory_alloc__E  $Tramp$TT$L$PI$$xdc_runtime_Memory_alloc__E
   1002f289     000062f8     00002562   rom_sysbios.aem4f : rom_sysbios.obj (.text:pthread_create)
ti_sysbios_knl_Task_Params__init__S  $Tramp$TT$L$PI$$ti_sysbios_knl_Task_Params__init__S
   1002ec09     00006300     0000254e   rom_sysbios.aem4f : rom_sysbios.obj (.text:pthread_create)
ti_sysbios_family_arm_m3_Hwi_restoreFxn__E  $Tramp$TT$L$PI$$ti_sysbios_family_arm_m3_Hwi_restoreFxn__E
   1002ec47     00006308     0000152a   drivers_cc13x2.aem4f : UARTCC26XX.oem4f (.text:UARTCC26XX_open)
                             00001536                        : UARTCC26XX.oem4f (.text:UARTCC26XX_open)
                             000015c0                        : UARTCC26XX.oem4f (.text:UARTCC26XX_open)
                             00001ac8                        : UARTCC26XX.oem4f (.text:UARTCC26XX_read)
                             00001b24                        : UARTCC26XX.oem4f (.text:UARTCC26XX_read)
                             00001b4c                        : UARTCC26XX.oem4f (.text:UARTCC26XX_read)
                             00001b5e                        : UARTCC26XX.oem4f (.text:UARTCC26XX_read)
                             00001ba8                        : UARTCC26XX.oem4f (.text:UARTCC26XX_read)
                             00001bb8                        : UARTCC26XX.oem4f (.text:UARTCC26XX_read)
                             00001e48                        : I2CCC26XX.oem4f (.text:I2CCC26XX_transfer)
                             00001e5c                        : I2CCC26XX.oem4f (.text:I2CCC26XX_transfer)
                             00001f92                        : GPIOCC26XX.oem4f (.text:GPIO_setConfig)
                             00001fc2                        : GPIOCC26XX.oem4f (.text:GPIO_setConfig)
                             000024fa                        : PINCC26XX.oem4f (.text:PINCC26XX_setIoCfg)
                             00002634                        : I2CCC26XX.oem4f (.text:I2CCC26XX_open)
[...]
1002eb79  ti_sysbios_BIOS_RtsGateProxy_Params__init__S                       
1002eb79  ti_sysbios_gates_GateMutex_Params__init__S                         
1002eb79  ti_sysbios_heaps_HeapMem_Module_GateProxy_Params__init__S          
1002eb85  ti_sysbios_heaps_HeapTrack_Params__init__S                         
1002eb91  ti_sysbios_heaps_HeapTrack_isBlocking__E                           
1002eb9d  ti_sysbios_knl_Clock_Params__init__S                               
1002eba9  ti_sysbios_knl_Clock_getTimerHandle__E                             
1002ebb5  ti_sysbios_knl_Event_Params__init__S                               
1002ebc1  ti_sysbios_knl_Mailbox_Params__init__S                             
1002ebcd  ti_sysbios_knl_Queue_dequeue__E                                    
1002ebd9  ti_sysbios_knl_Queue_enqueue__E                                    
1002ebe5  ti_sysbios_knl_Semaphore_Params__init__S                           
1002ebf1  ti_sysbios_knl_Swi_Params__init__S                                 
1002ebfd  ti_sysbios_knl_Swi_self__E                                         
1002ec09  ti_sysbios_knl_Task_Params__init__S                                
1002ec15  ti_sysbios_hal_Hwi_Instance_finalize__E                            
1002ec1f  ti_sysbios_knl_Event_Instance_init__E                              
1002ec29  ti_sysbios_family_arm_m3_Hwi_doSwiRestore__I                       
1002ec31  ti_sysbios_family_arm_m3_Hwi_startup__E                            
1002ec31  ti_sysbios_hal_Hwi_HwiProxy_startup__E                             
1002ec31  ti_sysbios_hal_Hwi_HwiProxy_startup__E                             
1002ec31  ti_sysbios_hal_Hwi_startup__E                                      
1002ec31  ti_sysbios_hal_Hwi_startup__E                                      
1002ec39  ti_sysbios_knl_Idle_loop__E                                        
1002ec41  ti_sysbios_family_arm_m3_Hwi_doTaskRestore__I                      
1002ec47  HwiP_restore                                                       
1002ec47  ti_sysbios_family_arm_m3_Hwi_restoreFxn__E                         
1002ec4d  ti_sysbios_gates_GateHwi_leave__E                                  
1002ec53  ti_sysbios_gates_GateMutex_Instance_finalize__E                    
1002ec59  ti_sysbios_heaps_HeapMem_isBlocking__E                             
1002ec5f  ti_sysbios_knl_Queue_Instance_init__E                              
1002ec65  ti_sysbios_knl_Queue_elemClear__E                                  
1002ec6b  ti_sysbios_knl_Swi_startup__E                                      
1002ec71  ti_sysbios_knl_Task_enable__E                                      
1002ec77  ti_sysbios_BIOS_RtsGateProxy_enter__E                              
1002ec7b  ti_sysbios_BIOS_RtsGateProxy_leave__E                              
1002ec7f  ti_sysbios_family_arm_cc26xx_Timer_getExpiredTicks__E              
1002ec83  ti_sysbios_family_arm_cc26xx_Timer_getPeriod__E                    
1002ec87  ti_sysbios_family_arm_cc26xx_Timer_setPeriod__E                    
1002ec8b  ti_sysbios_family_arm_m3_Hwi_delete                                
1002ec8f  ti_sysbios_family_arm_m3_TaskSupport_Module__startupDone__S        
1002ec8f  ti_sysbios_knl_Task_SupportProxy_Module__startupDone__S            
1002ec93  ti_sysbios_gates_GateHwi_query__E                                  
1002ec93  xdc_runtime_Main_Module_GateProxy_query__E                         
1002ec93  xdc_runtime_System_Module_GateProxy_query__E                       
1002ec93  xdc_runtime_System_Module_GateProxy_query__E                       
1002ec97  ti_sysbios_gates_GateMutex_delete                                  
1002ec9b  ti_sysbios_BIOS_RtsGateProxy_query__E                              
1002ec9b  ti_sysbios_BIOS_RtsGateProxy_query__E                              
1002ec9b  ti_sysbios_gates_GateMutex_query__E                                
1002ec9b  ti_sysbios_heaps_HeapMem_Module_GateProxy_query__E                 
1002ec9b  ti_sysbios_heaps_HeapMem_Module_GateProxy_query__E                 
1002ec9f  ti_sysbios_hal_Hwi_HwiProxy_create                                 
1002eca3  ti_sysbios_hal_Hwi_HwiProxy_delete                                 
1002eca7  ti_sysbios_hal_Hwi_delete                                          
1002ecab  ti_sysbios_heaps_HeapMem_Module_GateProxy_enter__E                 
1002ecaf  ti_sysbios_heaps_HeapMem_Module_GateProxy_leave__E                 
1002ecb3  ti_sysbios_knl_Clock_TimerProxy_getExpiredTicks__E                 
1002ecb7  ti_sysbios_knl_Clock_TimerProxy_getPeriod__E                       
1002ecbb  ti_sysbios_knl_Clock_delete                                        
1002ecbf  ti_sysbios_knl_Clock_removeI__E                                    
1002ecc3  ti_sysbios_knl_Clock_setTimeout__E                                 
1002ecc7  ti_sysbios_knl_Event_delete                                        
1002eccb  ti_sysbios_knl_Mailbox_delete                                      
1002eccf  ti_sysbios_knl_Queue_delete                                        
1002ecd3  ti_sysbios_knl_Queue_head__E                                       
1002ecd7  ti_sysbios_knl_Queue_next__E                                       
1002ecdb  ti_sysbios_knl_Semaphore_delete                                    
1002ecdf  ti_sysbios_knl_Swi_delete                                          
1002ece3  ti_sysbios_knl_Swi_postInit__I                                     
1002ece7  ti_sysbios_knl_Task_delete                                         
1002eceb  ti_sysbios_knl_Task_startup__E                                     
1002ecf1  xdc_runtime_System_doPrint__I                                      
1002f055  xdc_runtime_Startup_startMods__I                                   
1002f15d  xdc_runtime_Text_putSite__E                                        
1002f1f7  xdc_runtime_Error_policySpin__E                                    
1002f1f9  xdc_runtime_Text_putMod__E                                         
1002f289  xdc_runtime_Memory_alloc__E                                        
1002f2f9  xdc_runtime_Core_createObject__I                                   
1002f367  xdc_runtime_Core_deleteObject__I                                   
1002f3c5  xdc_runtime_Text_putLab__E                                         
1002f421  xdc_runtime_Assert_raise__I                                        
1002f475  xdc_runtime_Startup_exec__E                                        
1002f4c9  xdc_runtime_Core_assignParams__I                                   
1002f511  xdc_runtime_Core_constructObject__I                                
1002f559  xdc_runtime_System_atexit__E                                       
1002f5a1  xdc_runtime_Text_xprintf__I                                        
1002f5e5  xdc_runtime_System_processAtExit__E                                
1002f625  xdc_runtime_System_putchar__I                                      
1002f659  xdc_runtime_Core_assignLabel__I                                    
1002f689  xdc_runtime_Text_printVisFxn__I                                    
1002f6b9  xdc_runtime_System_vprintf__E                                      
1002f6e5  xdc_runtime_Text_cordText__E                                       
1002f711  xdc_runtime_System_abort__E                                        
1002f739  xdc_runtime_Error_raiseX__E                                        
1002f759  xdc_runtime_Registry_findById__E                                   
1002f779  xdc_runtime_Error_check__E                                         
1002f795  xdc_runtime_Memory_valloc__E                                       
1002f7b1  xdc_runtime_System_exit__E                                         
1002f7cd  xdc_runtime_Text_ropeText__E                                       
1002f7e9  xdc_runtime_System_printf__E                                       
1002f803  xdc_runtime_Core_destructObject__I                                 
1002f81b  xdc_runtime_System_abortSpin__E                                    
1002f81d  xdc_runtime_Memory_free__E                                         
1002f831  xdc_runtime_Memory_getStats__E                                     
1002f845  xdc_runtime_SysCallback_abort__E                                   
1002f845  xdc_runtime_System_SupportProxy_abort__E                           
1002f859  xdc_runtime_SysCallback_exit__E                                    
1002f859  xdc_runtime_System_SupportProxy_exit__E                            
1002f86d  xdc_runtime_SysCallback_flush__E                                   
1002f86d  xdc_runtime_System_SupportProxy_flush__E                           
1002f86d  xdc_runtime_System_flush__E                                        
1002f881  xdc_runtime_SysCallback_putch__E                                   
1002f881  xdc_runtime_System_SupportProxy_putch__E                           
1002f895  xdc_runtime_SysCallback_ready__E                                   
1002f895  xdc_runtime_System_SupportProxy_ready__E                           
1002f8a9  xdc_runtime_Memory_getMaxDefaultTypeAlign__E                       
1002f8b9  xdc_runtime_System_vsnprintf__E                                    
1002f8c9  xdc_runtime_Timestamp_SupportProxy_get32__E                        
1002f8c9  xdc_runtime_Timestamp_SupportProxy_get32__E                        
1002f8c9  xdc_runtime_Timestamp_get32__E                                     
1002f8c9  xdc_runtime_Timestamp_get32__E                                     
1002f8d9  xdc_runtime_Memory_calloc__E                                       
1002f8e5  xdc_runtime_Startup_rtsDone__E                                     
1002f8f1  xdc_runtime_Memory_HeapProxy_alloc__E                              
1002f8fb  xdc_runtime_Memory_HeapProxy_free__E                               
1002f905  xdc_runtime_Memory_HeapProxy_getStats__E                           
1002f90f  xdc_runtime_Gate_leaveSystem__E                                    
1002f915  xdc_runtime_System_Module_startup__E                               
1002f91b  xdc_runtime_Gate_enterSystem__E                                    
1002f91f  xdc_runtime_SysCallback_Module__startupDone__S                     
1002f91f  xdc_runtime_System_SupportProxy_Module__startupDone__S             
1002f923  xdc_runtime_System_Module_GateProxy_enter__E                       
1002f927  xdc_runtime_System_Module_GateProxy_leave__E                       
1002f92b  xdc_runtime_System_printf_va__F                                    
1002f92f  xdc_runtime_System_exitSpin__E                                     
1002f931  ti_sysbios_family_arm_m3_Hwi_dispatch__I                           
1002fa11  ti_sysbios_family_arm_m3_Hwi_interruptsAreDisabledButShouldNotBe   
1002fa2d  ti_sysbios_family_arm_m3_TaskSupport_buildTaskStack                
1002fab9  ti_sysbios_family_arm_m3_Hwi_initStacks__E                         
1002fb11  ti_sysbios_family_arm_m3_Hwi_pendSV__I                             
1002fb35  ti_sysbios_family_arm_m3_Hwi_return                                
1002fb39  ti_sysbios_family_arm_m3_Hwi_excHandlerAsm__I                      
1002fb59  ti_sysbios_family_xxx_Hwi_switchAndRunFunc                         
1002fb77  ti_sysbios_family_arm_m3_TaskSupport_swap__E                       
1002fb77  ti_sysbios_knl_Task_SupportProxy_swap__E                           
1002fb77  ti_sysbios_knl_Task_SupportProxy_swap__E                           
1002fb83  ti_sysbios_knl_Task_swapReturn                                     
1002fb8f  ti_sysbios_family_arm_m3_TaskSupport_glue                          
1002fba0  ti_sysbios_knl_Task_Object__PARAMS__C                              
1002fbdc  ti_sysbios_knl_Mailbox_Object__PARAMS__C                           
1002fc10  ti_sysbios_family_arm_m3_Hwi_Object__PARAMS__C                     
1002fc40  ti_sysbios_hal_Hwi_Object__PARAMS__C                               
1002fc6c  ti_sysbios_knl_Swi_Object__PARAMS__C                               
1002fc94  ti_sysbios_heaps_HeapMem_Object__PARAMS__C                         
1002fcb8  ti_sysbios_knl_Clock_Object__PARAMS__C                             
1002fcdc  ti_sysbios_knl_Semaphore_Object__PARAMS__C                         
1002fd00  ti_sysbios_gates_GateHwi_Object__PARAMS__C                         
1002fd18  ti_sysbios_gates_GateMutex_Object__PARAMS__C                       
1002fd30  ti_sysbios_knl_Event_Object__PARAMS__C                             
1002fd48  ti_sysbios_knl_Queue_Object__PARAMS__C                             
1002fd80  ti_sysbios_heaps_HeapTrack_Object__PARAMS__C                       
1002fd9c  ti_sysbios_heaps_HeapTrack_Instance_State_trackQueue__O            
1002fda0  ti_sysbios_heaps_HeapTrack_Module__diagsEnabled__C                 
1002fda4  ti_sysbios_heaps_HeapTrack_Module__diagsIncluded__C                
1002fda8  ti_sysbios_heaps_HeapTrack_Module__diagsMask__C                    
1002fddb  strlen                                                             
20000000  __start___llvm_prf_cnts                                            
20000000  __stop___llvm_prf_cnts                                             
20000000  ti_sysbios_family_arm_m3_Hwi_ramVectors                            
20000100  xdcRomConstPtr                                                     
20000104  xdcRomExternFuncPtr                                                
20000108  xdcRomStatePtr                                                     
20000110  __primary_heap_start__                                             
20001110  __primary_heap_end__                                               
20001510  ti_sysbios_knl_Task_Instance_State_0_stack__A                      
20001710  uartCC26XXObjects                                                  
2000183c  i2cCC26xxObjects                                                   
2000191c  ti_sysbios_family_arm_m3_Hwi_dispatchTable                         
200019f4  pinHandleTable                                                     
20001a70  bme280                                                             
20001b94  opt3001Sem                                                         
20001bb0  opt3001Params                                                      
20001bcc  OPT3001_object                                                     
20001bd8  displayUartObject                                                  
20001bf8  ClockP_tickPeriod                                                  
20001bfc  PowerCC26XX_swiKey                                                 
20001c00  PowerCC26XX_taskKey                                                
20001c04  Raw_Temperature                                                    
20001c08  Raw_lux                                                            
20001c0c  i2c                                                                
20001c10  lux                                                                
20001c14  temperature                                                        
20001c18  driverlib_release_0_55938                                          
20001c20  PowerCC26X2_module                                                 
20001d30  ROM_stateStruct                                                    
20001d30  ti_sysbios_knl_Clock_Module__state__V                              
20001d5c  ti_sysbios_family_arm_cc26xx_TimestampProvider_Module__state__V    
20001d60  xdc_runtime_Startup_Module__state__V                               
20001d68  xdc_runtime_Registry_Module__state__V                              
20001d70  ti_sysbios_BIOS_Module__state__V                                   
20001d94  ti_sysbios_knl_Swi_Module__state__V                                
20001db0  ti_sysbios_knl_Task_Module__state__V                               
20001df4  xdc_runtime_Memory_Module__state__V                                
20001df8  xdc_runtime_System_Module__state__V                                
20001e00  ti_sysbios_family_arm_m3_Hwi_Module__state__V                      
20001e34  ti_sysbios_family_arm_cc26xx_Timer_Module__state__V                
20001ec4  ti_sysbios_gates_GateMutex_Object__table__V                        
20001f18  ti_sysbios_knl_Task_Object__table__V                               
20001f68  ti_sysbios_family_arm_cc26xx_Timer_Object__table__V                
20001fb0  ti_sysbios_knl_Swi_Module_State_0_readyQ__A                        
20001fe0  ti_sysbios_knl_Swi_Object__table__V                                
20002010  ti_sysbios_knl_Task_Module_State_0_readyQ__A                       
20002040  ti_sysbios_knl_Clock_Object__table__V                              
20002060  xdc_runtime_Error_IgnoreBlock                                      
20002080  ti_sysbios_family_arm_m3_Hwi_Object__table__V                      
20002098  ti_sysbios_heaps_HeapMem_Object__table__V                          
200020b0  opt3001Handle                                                      
200020b4  g_s32ActualTemp                                                    
200020b8  g_u32ActualPress                                                   
200020bc  g_u32ActualHumity                                                  
200020c0  gpioCallbackFunctions                                              
200020cc  gpioPinConfigs                                                     
200020d8  _lock                                                              
200020dc  _unlock                                                            
200020e0  pinUpperBound                                                      
200020e4  pinLowerBound                                                      
200020e8  ti_sysbios_family_arm_m3_Hwi_Module__root__V                       
200020f0  ti_sysbios_gates_GateHwi_Module__root__V                           
200020f8  ti_sysbios_gates_GateMutex_Module__root__V                         
20002100  ti_sysbios_hal_Hwi_Module__root__V                                 
20002108  ti_sysbios_heaps_HeapMem_Module__root__V                           
20002110  ti_sysbios_knl_Clock_Module__root__V                               
20002118  ti_sysbios_knl_Event_Module__root__V                               
20002120  ti_sysbios_knl_Mailbox_Module__root__V                             
20002128  ti_sysbios_knl_Queue_Module__root__V                               
20002130  ti_sysbios_knl_Semaphore_Module__root__V                           
20002138  ti_sysbios_knl_Swi_Module__root__V                                 
20002140  ti_sysbios_knl_Task_Module__root__V                                
20002148  xdc_runtime_System_Module_State_0_atexitHandlers__A                
20002156  ti_sysbios_family_arm_m3_Hwi_Module_State_0_excActive__A           
2000215c  main_func_sp                                                       
20002160  ti_sysbios_family_arm_m3_Hwi_Module_State_0_excContext__A          
20002164  ti_sysbios_family_arm_m3_Hwi_Module_State_0_excStack__A            
20002168  ti_sysbios_knl_Task_Module_State_0_idleTask__A                     
20013c00  __stack                                                            
20014000  __STACK_END                                                        
e000e000  ti_sysbios_family_arm_m3_Hwi_nvic                                  
ffffffff  __TI_pprof_out_hndl                                                
ffffffff  __TI_prof_data_size                                                
ffffffff  __TI_prof_data_start                                               
ffffffff  __binit__                                                          
ffffffff  __c_args__                                                         
ffffffff  binit                                                              
UNDEFED   SHT$$INIT_ARRAY$$Base                                              
UNDEFED   SHT$$INIT_ARRAY$$Limit                                             

[935 symbols]
